<?xml version="1.0" encoding="utf-8"?>
<TestRun id="39727d17-4d86-44c6-89ae-1692fa2f3c77" name="User@WIN-5VIDF1NH070 2025-08-06 23:41:43" runUser="WIN-5VIDF1NH070\User" xmlns="http://microsoft.com/schemas/VisualStudio/TeamTest/2010">
  <Times creation="2025-08-06T23:41:43.0565159+03:00" queuing="2025-08-06T23:41:43.0565164+03:00" start="2025-08-06T23:41:40.1315935+03:00" finish="2025-08-06T23:41:43.4584734+03:00" />
  <TestSettings name="default" id="048ae0f2-a6ac-413f-a30d-76c01084766a">
    <Deployment runDeploymentRoot="User_WIN-5VIDF1NH070_2025-08-06_23_41_43" />
  </TestSettings>
  <Results>
    <UnitTestResult executionId="53c06015-b3ce-4cb5-b5f4-e3ee66ce20a2" testId="c93afe84-9d1d-b191-1238-ad191095842b" testName="CardValidation.Tests.CardValidationServiceTests.ValidateIssueDate_ValidFutureDates_ReturnsTrue(issueDate: &quot;12/2025&quot;)" computerName="WIN-5VIDF1NH070" duration="00:00:00.0000159" startTime="2025-08-06T23:41:43.0434698+03:00" endTime="2025-08-06T23:41:43.0434700+03:00" testType="13cdc9d9-ddb5-4fa4-a97d-d965ccfc6d4b" outcome="Passed" testListId="8c84fa94-04c1-424b-9868-57a2d4851a1d" relativeResultsDirectory="53c06015-b3ce-4cb5-b5f4-e3ee66ce20a2" />
    <UnitTestResult executionId="676a615f-b3f4-4ba9-8386-527896453ae7" testId="94dc3439-5bbe-aefd-81a6-beb6b155ee9e" testName="CardValidation.Tests.CardValidationServiceTests.ValidateIssueDate_InvalidDates_ReturnsFalse(issueDate: &quot;25/12&quot;)" computerName="WIN-5VIDF1NH070" duration="00:00:00.0000118" startTime="2025-08-06T23:41:43.0234612+03:00" endTime="2025-08-06T23:41:43.0234612+03:00" testType="13cdc9d9-ddb5-4fa4-a97d-d965ccfc6d4b" outcome="Passed" testListId="8c84fa94-04c1-424b-9868-57a2d4851a1d" relativeResultsDirectory="676a615f-b3f4-4ba9-8386-527896453ae7" />
    <UnitTestResult executionId="0f37bf6e-61b5-401b-98d2-0c265a193ca8" testId="7bc9a501-e85b-47a2-032b-bdb65a72b89e" testName="CardValidation.Tests.CardValidationServiceTests.ValidateOwner_ValidNames_ReturnsTrue(owner: &quot;Mary Jane Wilson&quot;)" computerName="WIN-5VIDF1NH070" duration="00:00:00.0001159" startTime="2025-08-06T23:41:43.0391262+03:00" endTime="2025-08-06T23:41:43.0391263+03:00" testType="13cdc9d9-ddb5-4fa4-a97d-d965ccfc6d4b" outcome="Passed" testListId="8c84fa94-04c1-424b-9868-57a2d4851a1d" relativeResultsDirectory="0f37bf6e-61b5-401b-98d2-0c265a193ca8" />
    <UnitTestResult executionId="79a1d945-bbfb-43d1-ae3d-8eb4f3a5a16e" testId="a7e27379-4c4e-d493-4b9e-ad312aa7a717" testName="CardValidation.Tests.CardValidationServiceTests.ValidateNumber_InvalidCardNumbers_ReturnsFalse(cardNumber: &quot;invalid&quot;)" computerName="WIN-5VIDF1NH070" duration="00:00:00.0000093" startTime="2025-08-06T23:41:43.0136087+03:00" endTime="2025-08-06T23:41:43.0136088+03:00" testType="13cdc9d9-ddb5-4fa4-a97d-d965ccfc6d4b" outcome="Passed" testListId="8c84fa94-04c1-424b-9868-57a2d4851a1d" relativeResultsDirectory="79a1d945-bbfb-43d1-ae3d-8eb4f3a5a16e" />
    <UnitTestResult executionId="763bef72-08cb-4130-824d-5d9bc1cf7a27" testId="ed9ce7dc-db7f-a87b-02a2-9acad6de22a2" testName="CardValidation.Tests.CardValidationServiceTests.ValidateIssueDate_InvalidDates_ReturnsFalse(issueDate: &quot;2025/12&quot;)" computerName="WIN-5VIDF1NH070" duration="00:00:00.0001827" startTime="2025-08-06T23:41:43.0225065+03:00" endTime="2025-08-06T23:41:43.0225066+03:00" testType="13cdc9d9-ddb5-4fa4-a97d-d965ccfc6d4b" outcome="Passed" testListId="8c84fa94-04c1-424b-9868-57a2d4851a1d" relativeResultsDirectory="763bef72-08cb-4130-824d-5d9bc1cf7a27" />
    <UnitTestResult executionId="9e43452d-9452-4adc-93e6-e5a5f1358c82" testId="d77e7327-ed8d-dea6-a2bb-8a3849285946" testName="CardValidation.Tests.CardValidationServiceTests.GetPaymentSystemType_ValidAmericanExpress_ReturnsAmericanExpress" computerName="WIN-5VIDF1NH070" duration="00:00:00.0000897" startTime="2025-08-06T23:41:43.0486847+03:00" endTime="2025-08-06T23:41:43.0486848+03:00" testType="13cdc9d9-ddb5-4fa4-a97d-d965ccfc6d4b" outcome="Passed" testListId="8c84fa94-04c1-424b-9868-57a2d4851a1d" relativeResultsDirectory="9e43452d-9452-4adc-93e6-e5a5f1358c82" />
    <UnitTestResult executionId="9b7ea3e9-60c4-4090-bd91-8da306cf11ee" testId="49eed2d9-e4f5-cac2-2b0c-58987a2b6e59" testName="CardValidation.Tests.CardValidationServiceTests.ValidateNumber_InvalidCardNumbers_ReturnsFalse(cardNumber: &quot;555555555555444&quot;)" computerName="WIN-5VIDF1NH070" duration="00:00:00.0000096" startTime="2025-08-06T23:41:42.9826540+03:00" endTime="2025-08-06T23:41:42.9826542+03:00" testType="13cdc9d9-ddb5-4fa4-a97d-d965ccfc6d4b" outcome="Passed" testListId="8c84fa94-04c1-424b-9868-57a2d4851a1d" relativeResultsDirectory="9b7ea3e9-60c4-4090-bd91-8da306cf11ee" />
    <UnitTestResult executionId="e0c7738b-0f4f-4d76-9c32-abbed0bc9209" testId="53ccb251-4f4f-db26-31c9-7eb48f98ca7c" testName="CardValidation.Tests.CardValidationServiceTests.GetPaymentSystemType_InvalidCardNumber_ThrowsNotImplementedException(cardNumber: &quot;&quot;)" computerName="WIN-5VIDF1NH070" duration="00:00:00.0001637" startTime="2025-08-06T23:41:43.0294059+03:00" endTime="2025-08-06T23:41:43.0294061+03:00" testType="13cdc9d9-ddb5-4fa4-a97d-d965ccfc6d4b" outcome="Passed" testListId="8c84fa94-04c1-424b-9868-57a2d4851a1d" relativeResultsDirectory="e0c7738b-0f4f-4d76-9c32-abbed0bc9209" />
    <UnitTestResult executionId="a45b7820-e1b1-446c-9807-be0b43d99dc9" testId="7ad900d2-2e74-d81c-520e-fe1c26786075" testName="CardValidation.Tests.CardValidationServiceTests.ValidateCvc_InvalidCvc_ReturnsFalse(cvc: &quot;12&quot;)" computerName="WIN-5VIDF1NH070" duration="00:00:00.0000098" startTime="2025-08-06T23:41:43.0332815+03:00" endTime="2025-08-06T23:41:43.0332815+03:00" testType="13cdc9d9-ddb5-4fa4-a97d-d965ccfc6d4b" outcome="Passed" testListId="8c84fa94-04c1-424b-9868-57a2d4851a1d" relativeResultsDirectory="a45b7820-e1b1-446c-9807-be0b43d99dc9" />
    <UnitTestResult executionId="465bec9c-90d0-4dd0-b9ef-d09cbe7337c0" testId="288d521c-09b0-e3d6-f0da-8fde2bdcd1f7" testName="CardValidation.Tests.CardValidationServiceTests.ValidateNumber_InvalidCardNumbers_ReturnsFalse(cardNumber: &quot;311111111111111&quot;)" computerName="WIN-5VIDF1NH070" duration="00:00:00.0000117" startTime="2025-08-06T23:41:42.9816255+03:00" endTime="2025-08-06T23:41:42.9816256+03:00" testType="13cdc9d9-ddb5-4fa4-a97d-d965ccfc6d4b" outcome="Passed" testListId="8c84fa94-04c1-424b-9868-57a2d4851a1d" relativeResultsDirectory="465bec9c-90d0-4dd0-b9ef-d09cbe7337c0" />
    <UnitTestResult executionId="d688155f-529f-41de-91a3-4f31f90c2028" testId="10354123-f504-b473-ab0a-a4ed853949e8" testName="CardValidation.Tests.CardValidationServiceTests.ValidateNumber_InvalidCardNumbers_ReturnsFalse(cardNumber: &quot;&quot;)" computerName="WIN-5VIDF1NH070" duration="00:00:00.0778958" startTime="2025-08-06T23:41:42.9647489+03:00" endTime="2025-08-06T23:41:42.9647810+03:00" testType="13cdc9d9-ddb5-4fa4-a97d-d965ccfc6d4b" outcome="Passed" testListId="8c84fa94-04c1-424b-9868-57a2d4851a1d" relativeResultsDirectory="d688155f-529f-41de-91a3-4f31f90c2028" />
    <UnitTestResult executionId="055d5001-4457-4b39-b4a5-6ce3ba40505a" testId="be952085-c4c9-eb2b-aa18-46ed9934adcf" testName="CardValidation.Tests.CardValidationServiceTests.ValidateCvc_InvalidCvc_ReturnsFalse(cvc: &quot;invalid&quot;)" computerName="WIN-5VIDF1NH070" duration="00:00:00.0000089" startTime="2025-08-06T23:41:43.0338865+03:00" endTime="2025-08-06T23:41:43.0338867+03:00" testType="13cdc9d9-ddb5-4fa4-a97d-d965ccfc6d4b" outcome="Passed" testListId="8c84fa94-04c1-424b-9868-57a2d4851a1d" relativeResultsDirectory="055d5001-4457-4b39-b4a5-6ce3ba40505a" />
    <UnitTestResult executionId="ad23e4ea-401d-4f56-9ad1-0c62b9ee0baa" testId="e1befb6e-90d1-0eb7-dbd3-87889924e85e" testName="CardValidation.Tests.CardValidationServiceTests.ValidateIssueDate_InvalidDates_ReturnsFalse(issueDate: &quot;12 20 25&quot;)" computerName="WIN-5VIDF1NH070" duration="00:00:00.0000090" startTime="2025-08-06T23:41:43.0274830+03:00" endTime="2025-08-06T23:41:43.0274831+03:00" testType="13cdc9d9-ddb5-4fa4-a97d-d965ccfc6d4b" outcome="Passed" testListId="8c84fa94-04c1-424b-9868-57a2d4851a1d" relativeResultsDirectory="ad23e4ea-401d-4f56-9ad1-0c62b9ee0baa" />
    <UnitTestResult executionId="7bc3cff0-6991-4086-89da-40a7623b4221" testId="c37cb4df-b74b-6242-1239-819674d5c360" testName="CardValidation.Tests.CardValidationServiceTests.ValidateNumber_ValidAmericanExpressStartingWith34_ReturnsTrue" computerName="WIN-5VIDF1NH070" duration="00:00:00.0000777" startTime="2025-08-06T23:41:43.0303696+03:00" endTime="2025-08-06T23:41:43.0303697+03:00" testType="13cdc9d9-ddb5-4fa4-a97d-d965ccfc6d4b" outcome="Passed" testListId="8c84fa94-04c1-424b-9868-57a2d4851a1d" relativeResultsDirectory="7bc3cff0-6991-4086-89da-40a7623b4221" />
    <UnitTestResult executionId="428c4789-563f-4e25-afc2-8b7b7b1eae47" testId="4d72359d-a2e1-71c8-704f-fb0c0de11a9b" testName="CardValidation.Tests.CardValidationServiceTests.ValidateNumber_ValidVisaCardWith13Digits_ReturnsTrue" computerName="WIN-5VIDF1NH070" duration="00:00:00.0001202" startTime="2025-08-06T23:41:43.0454934+03:00" endTime="2025-08-06T23:41:43.0454935+03:00" testType="13cdc9d9-ddb5-4fa4-a97d-d965ccfc6d4b" outcome="Passed" testListId="8c84fa94-04c1-424b-9868-57a2d4851a1d" relativeResultsDirectory="428c4789-563f-4e25-afc2-8b7b7b1eae47" />
    <UnitTestResult executionId="46db90a2-a99d-496e-b6d0-5c989b3ba807" testId="6cfe1bba-26bc-0656-4921-ce3f59f814a4" testName="CardValidation.Tests.CardValidationServiceTests.ValidateOwner_ValidNames_ReturnsTrue(owner: &quot;JANE SMITH&quot;)" computerName="WIN-5VIDF1NH070" duration="00:00:00.0000101" startTime="2025-08-06T23:41:43.0410826+03:00" endTime="2025-08-06T23:41:43.0410827+03:00" testType="13cdc9d9-ddb5-4fa4-a97d-d965ccfc6d4b" outcome="Passed" testListId="8c84fa94-04c1-424b-9868-57a2d4851a1d" relativeResultsDirectory="46db90a2-a99d-496e-b6d0-5c989b3ba807" />
    <UnitTestResult executionId="af399219-fe25-49c9-8011-38081af10e31" testId="507af6c5-16b9-571e-7e99-689b5bec2645" testName="CardValidation.Tests.CardValidationServiceTests.ValidateIssueDate_InvalidDates_ReturnsFalse(issueDate: &quot;00/2025&quot;)" computerName="WIN-5VIDF1NH070" duration="00:00:00.0000170" startTime="2025-08-06T23:41:43.0270130+03:00" endTime="2025-08-06T23:41:43.0270132+03:00" testType="13cdc9d9-ddb5-4fa4-a97d-d965ccfc6d4b" outcome="Passed" testListId="8c84fa94-04c1-424b-9868-57a2d4851a1d" relativeResultsDirectory="af399219-fe25-49c9-8011-38081af10e31" />
    <UnitTestResult executionId="476cb2b1-89f1-4509-a4c8-6cd9a48bba03" testId="8dffb24d-ac8c-0abc-6198-f03556c9d323" testName="CardValidation.Tests.CardValidationServiceTests.ValidateOwner_InvalidNames_ReturnsFalse(owner: &quot;John-Doe&quot;)" computerName="WIN-5VIDF1NH070" duration="00:00:00.0001307" startTime="2025-08-06T23:41:43.0154866+03:00" endTime="2025-08-06T23:41:43.0154867+03:00" testType="13cdc9d9-ddb5-4fa4-a97d-d965ccfc6d4b" outcome="Passed" testListId="8c84fa94-04c1-424b-9868-57a2d4851a1d" relativeResultsDirectory="476cb2b1-89f1-4509-a4c8-6cd9a48bba03" />
    <UnitTestResult executionId="446f3239-b312-44c8-ba0a-253935a09161" testId="0d49e221-5879-9372-01de-ad731d829c0b" testName="CardValidation.Tests.CardValidationServiceTests.ValidateIssueDate_InvalidDates_ReturnsFalse(issueDate: &quot;12/20&quot;)" computerName="WIN-5VIDF1NH070" duration="00:00:00.0000820" startTime="2025-08-06T23:41:43.0244133+03:00" endTime="2025-08-06T23:41:43.0244134+03:00" testType="13cdc9d9-ddb5-4fa4-a97d-d965ccfc6d4b" outcome="Passed" testListId="8c84fa94-04c1-424b-9868-57a2d4851a1d" relativeResultsDirectory="446f3239-b312-44c8-ba0a-253935a09161" />
    <UnitTestResult executionId="05e3fe05-0808-4b5d-921e-8aa9d5602432" testId="351b7f0f-c2d2-2eff-3f0a-25a949252ca1" testName="CardValidation.Tests.CardValidationServiceTests.ValidateNumber_InvalidCardNumbers_ReturnsFalse(cardNumber: &quot;1111111111111111&quot;)" computerName="WIN-5VIDF1NH070" duration="00:00:00.0000109" startTime="2025-08-06T23:41:42.9811015+03:00" endTime="2025-08-06T23:41:42.9811016+03:00" testType="13cdc9d9-ddb5-4fa4-a97d-d965ccfc6d4b" outcome="Passed" testListId="8c84fa94-04c1-424b-9868-57a2d4851a1d" relativeResultsDirectory="05e3fe05-0808-4b5d-921e-8aa9d5602432" />
    <UnitTestResult executionId="c88fa501-1f1d-4c42-bcb7-9f0f4c85ef82" testId="44eb1894-65a3-0c0d-805d-2885c2305c01" testName="CardValidation.Tests.CardValidationServiceTests.ValidateNumber_ValidVisaCard_ReturnsTrue" computerName="WIN-5VIDF1NH070" duration="00:00:00.0000747" startTime="2025-08-06T23:41:43.0469724+03:00" endTime="2025-08-06T23:41:43.0469727+03:00" testType="13cdc9d9-ddb5-4fa4-a97d-d965ccfc6d4b" outcome="Passed" testListId="8c84fa94-04c1-424b-9868-57a2d4851a1d" relativeResultsDirectory="c88fa501-1f1d-4c42-bcb7-9f0f4c85ef82" />
    <UnitTestResult executionId="0dfe703a-ffeb-403c-a881-20f0f12d115d" testId="8e389afe-3e34-41d8-2d8c-d9bbafdaab7b" testName="CardValidation.Tests.CardValidationServiceTests.ValidateIssueDate_InvalidDates_ReturnsFalse(issueDate: &quot;12-2025&quot;)" computerName="WIN-5VIDF1NH070" duration="00:00:00.0000101" startTime="2025-08-06T23:41:43.0253705+03:00" endTime="2025-08-06T23:41:43.0253706+03:00" testType="13cdc9d9-ddb5-4fa4-a97d-d965ccfc6d4b" outcome="Passed" testListId="8c84fa94-04c1-424b-9868-57a2d4851a1d" relativeResultsDirectory="0dfe703a-ffeb-403c-a881-20f0f12d115d" />
    <UnitTestResult executionId="e02ed36d-670b-454b-8f37-d0f200e65273" testId="ecebcbd7-053e-0616-cf31-ee508adc259f" testName="CardValidation.Tests.CardValidationServiceTests.ValidateIssueDate_InvalidDates_ReturnsFalse(issueDate: &quot;invalid&quot;)" computerName="WIN-5VIDF1NH070" duration="00:00:00.0000119" startTime="2025-08-06T23:41:43.0248993+03:00" endTime="2025-08-06T23:41:43.0248994+03:00" testType="13cdc9d9-ddb5-4fa4-a97d-d965ccfc6d4b" outcome="Passed" testListId="8c84fa94-04c1-424b-9868-57a2d4851a1d" relativeResultsDirectory="e02ed36d-670b-454b-8f37-d0f200e65273" />
    <UnitTestResult executionId="e96a4d80-4a3a-44d2-837a-9f952002782a" testId="40865e9e-f250-c204-5ec9-edc340957c55" testName="CardValidation.Tests.CardValidationServiceTests.ValidateOwner_InvalidNames_ReturnsFalse(owner: &quot;A B C D&quot;)" computerName="WIN-5VIDF1NH070" duration="00:00:00.0000092" startTime="2025-08-06T23:41:43.0172095+03:00" endTime="2025-08-06T23:41:43.0172096+03:00" testType="13cdc9d9-ddb5-4fa4-a97d-d965ccfc6d4b" outcome="Passed" testListId="8c84fa94-04c1-424b-9868-57a2d4851a1d" relativeResultsDirectory="e96a4d80-4a3a-44d2-837a-9f952002782a" />
    <UnitTestResult executionId="c8d4484b-1309-476e-8e9e-de411035096a" testId="819d169f-9853-a375-d173-d72a4b676ff1" testName="CardValidation.Tests.CardValidationServiceTests.ValidateOwner_InvalidNames_ReturnsFalse(owner: &quot;John123&quot;)" computerName="WIN-5VIDF1NH070" duration="00:00:00.0000103" startTime="2025-08-06T23:41:43.0184406+03:00" endTime="2025-08-06T23:41:43.0184407+03:00" testType="13cdc9d9-ddb5-4fa4-a97d-d965ccfc6d4b" outcome="Passed" testListId="8c84fa94-04c1-424b-9868-57a2d4851a1d" relativeResultsDirectory="c8d4484b-1309-476e-8e9e-de411035096a" />
    <UnitTestResult executionId="7fa7c27f-fdc7-4d3b-a231-38c96798346e" testId="291cdfd5-b607-ef24-a830-0df891400d5b" testName="CardValidation.Tests.CardValidationServiceTests.ValidateOwner_ValidNames_ReturnsTrue(owner: &quot;John Doe&quot;)" computerName="WIN-5VIDF1NH070" duration="00:00:00.0000737" startTime="2025-08-06T23:41:43.0351684+03:00" endTime="2025-08-06T23:41:43.0351685+03:00" testType="13cdc9d9-ddb5-4fa4-a97d-d965ccfc6d4b" outcome="Passed" testListId="8c84fa94-04c1-424b-9868-57a2d4851a1d" relativeResultsDirectory="7fa7c27f-fdc7-4d3b-a231-38c96798346e" />
    <UnitTestResult executionId="53b4152c-199e-4582-b4dd-a7084ca0c892" testId="c39e7efb-f28f-6d58-6a6e-e6a1279b13ae" testName="CardValidation.Tests.CardValidationServiceTests.ValidateIssueDate_ValidFutureDates_ReturnsTrue(issueDate: &quot;12/25&quot;)" computerName="WIN-5VIDF1NH070" duration="00:00:00.0001232" startTime="2025-08-06T23:41:43.0424587+03:00" endTime="2025-08-06T23:41:43.0424588+03:00" testType="13cdc9d9-ddb5-4fa4-a97d-d965ccfc6d4b" outcome="Passed" testListId="8c84fa94-04c1-424b-9868-57a2d4851a1d" relativeResultsDirectory="53b4152c-199e-4582-b4dd-a7084ca0c892" />
    <UnitTestResult executionId="43c42878-8f08-46f1-aa47-8f3a9cdcef39" testId="7c48deeb-2daf-cf52-4ecb-276c350e95f3" testName="CardValidation.Tests.CardValidationServiceTests.ValidateNumber_ValidMasterCard_ReturnsTrue" computerName="WIN-5VIDF1NH070" duration="00:00:00.0000881" startTime="2025-08-06T23:41:43.0317394+03:00" endTime="2025-08-06T23:41:43.0317396+03:00" testType="13cdc9d9-ddb5-4fa4-a97d-d965ccfc6d4b" outcome="Passed" testListId="8c84fa94-04c1-424b-9868-57a2d4851a1d" relativeResultsDirectory="43c42878-8f08-46f1-aa47-8f3a9cdcef39" />
    <UnitTestResult executionId="6de652d9-d999-45bc-b345-d74befd174e3" testId="0234eff5-12ae-b92a-274d-68b64e7b1e83" testName="CardValidation.Tests.CardValidationServiceTests.ValidateNumber_InvalidCardNumbers_ReturnsFalse(cardNumber: &quot;12345678901234567&quot;)" computerName="WIN-5VIDF1NH070" duration="00:00:00.0000099" startTime="2025-08-06T23:41:43.0141825+03:00" endTime="2025-08-06T23:41:43.0141826+03:00" testType="13cdc9d9-ddb5-4fa4-a97d-d965ccfc6d4b" outcome="Passed" testListId="8c84fa94-04c1-424b-9868-57a2d4851a1d" relativeResultsDirectory="6de652d9-d999-45bc-b345-d74befd174e3" />
    <UnitTestResult executionId="065000a5-0865-4ca2-93f5-8db58a4277d6" testId="2d966f22-d1df-5b47-e0d2-d1ca320070d9" testName="CardValidation.Tests.CardValidationServiceTests.ValidateNumber_InvalidCardNumbers_ReturnsFalse(cardNumber: &quot;37828224631000&quot;)" computerName="WIN-5VIDF1NH070" duration="00:00:00.0004790" startTime="2025-08-06T23:41:42.9785045+03:00" endTime="2025-08-06T23:41:42.9785046+03:00" testType="13cdc9d9-ddb5-4fa4-a97d-d965ccfc6d4b" outcome="Passed" testListId="8c84fa94-04c1-424b-9868-57a2d4851a1d" relativeResultsDirectory="065000a5-0865-4ca2-93f5-8db58a4277d6" />
    <UnitTestResult executionId="340be6dc-1840-4cdc-8d7b-a9e9409b9ac6" testId="751e52e5-f884-4698-48af-ebef656b2af9" testName="CardValidation.Tests.CardValidationServiceTests.ValidateNumber_InvalidCardNumbers_ReturnsFalse(cardNumber: &quot;1234567890123456&quot;)" computerName="WIN-5VIDF1NH070" duration="00:00:00.0000115" startTime="2025-08-06T23:41:42.9821443+03:00" endTime="2025-08-06T23:41:42.9821444+03:00" testType="13cdc9d9-ddb5-4fa4-a97d-d965ccfc6d4b" outcome="Passed" testListId="8c84fa94-04c1-424b-9868-57a2d4851a1d" relativeResultsDirectory="340be6dc-1840-4cdc-8d7b-a9e9409b9ac6" />
    <UnitTestResult executionId="6bbb311c-6a27-4218-a69c-74d0e940aabc" testId="32e0da48-b239-7d6b-e47b-79e8b723e150" testName="CardValidation.Tests.CardValidationServiceTests.ValidateOwner_ValidNames_ReturnsTrue(owner: &quot;A B C&quot;)" computerName="WIN-5VIDF1NH070" duration="00:00:00.0000106" startTime="2025-08-06T23:41:43.0396660+03:00" endTime="2025-08-06T23:41:43.0396662+03:00" testType="13cdc9d9-ddb5-4fa4-a97d-d965ccfc6d4b" outcome="Passed" testListId="8c84fa94-04c1-424b-9868-57a2d4851a1d" relativeResultsDirectory="6bbb311c-6a27-4218-a69c-74d0e940aabc" />
    <UnitTestResult executionId="e29b8ade-f500-4282-8f9b-0f04d6c16be9" testId="ee4fd440-35ac-b337-e771-7431082311e4" testName="CardValidation.Tests.CardValidationServiceTests.ValidateOwner_InvalidNames_ReturnsFalse(owner: &quot;John@Doe&quot;)" computerName="WIN-5VIDF1NH070" duration="00:00:00.0002234" startTime="2025-08-06T23:41:43.0149406+03:00" endTime="2025-08-06T23:41:43.0149407+03:00" testType="13cdc9d9-ddb5-4fa4-a97d-d965ccfc6d4b" outcome="Passed" testListId="8c84fa94-04c1-424b-9868-57a2d4851a1d" relativeResultsDirectory="e29b8ade-f500-4282-8f9b-0f04d6c16be9" />
    <UnitTestResult executionId="fe19edd5-585f-49d6-a32a-95540073d8dc" testId="d60d5eb5-9b61-07ce-fe5a-8d6e9f28f530" testName="CardValidation.Tests.CardValidationServiceTests.ValidateIssueDate_ValidFutureDates_ReturnsTrue(issueDate: &quot;01/30&quot;)" computerName="WIN-5VIDF1NH070" duration="00:00:00.0000181" startTime="2025-08-06T23:41:43.0429815+03:00" endTime="2025-08-06T23:41:43.0429816+03:00" testType="13cdc9d9-ddb5-4fa4-a97d-d965ccfc6d4b" outcome="Passed" testListId="8c84fa94-04c1-424b-9868-57a2d4851a1d" relativeResultsDirectory="fe19edd5-585f-49d6-a32a-95540073d8dc" />
    <UnitTestResult executionId="cb37d031-741f-489f-9eba-a564abd085b8" testId="514b8df5-55ae-6525-6749-cddb6776a607" testName="CardValidation.Tests.CardValidationServiceTests.GetPaymentSystemType_InvalidCardNumber_ThrowsNotImplementedException(cardNumber: &quot;invalid&quot;)" computerName="WIN-5VIDF1NH070" duration="00:00:00.0008932" startTime="2025-08-06T23:41:43.0289356+03:00" endTime="2025-08-06T23:41:43.0289357+03:00" testType="13cdc9d9-ddb5-4fa4-a97d-d965ccfc6d4b" outcome="Passed" testListId="8c84fa94-04c1-424b-9868-57a2d4851a1d" relativeResultsDirectory="cb37d031-741f-489f-9eba-a564abd085b8" />
    <UnitTestResult executionId="a710f3fa-52e2-4fe2-828b-10d1d8013a1a" testId="8eac923c-97e6-1969-98ca-9e1a95f7a32c" testName="CardValidation.Tests.CardValidationServiceTests.ValidateCvc_ValidCvc_ReturnsTrue(cvc: &quot;1234&quot;)" computerName="WIN-5VIDF1NH070" duration="00:00:00.0001369" startTime="2025-08-06T23:41:43.0284446+03:00" endTime="2025-08-06T23:41:43.0284447+03:00" testType="13cdc9d9-ddb5-4fa4-a97d-d965ccfc6d4b" outcome="Passed" testListId="8c84fa94-04c1-424b-9868-57a2d4851a1d" relativeResultsDirectory="a710f3fa-52e2-4fe2-828b-10d1d8013a1a" />
    <UnitTestResult executionId="c21392e9-55d8-4ef2-a6fd-f23a2c16b319" testId="899933af-4f96-e8e5-554e-a1f1912beeb5" testName="CardValidation.Tests.CardValidationServiceTests.GetPaymentSystemType_ValidVisaCard_ReturnsVisa" computerName="WIN-5VIDF1NH070" duration="00:00:00.0001350" startTime="2025-08-06T23:41:43.0481653+03:00" endTime="2025-08-06T23:41:43.0481654+03:00" testType="13cdc9d9-ddb5-4fa4-a97d-d965ccfc6d4b" outcome="Passed" testListId="8c84fa94-04c1-424b-9868-57a2d4851a1d" relativeResultsDirectory="c21392e9-55d8-4ef2-a6fd-f23a2c16b319" />
    <UnitTestResult executionId="fe951b52-bec4-4770-99df-e71f3b1c7caa" testId="6610fafb-17fa-7f37-9268-ebd41700d36b" testName="CardValidation.Tests.CardValidationServiceTests.ValidateIssueDate_InvalidDates_ReturnsFalse(issueDate: &quot;13/2025&quot;)" computerName="WIN-5VIDF1NH070" duration="00:00:00.0000087" startTime="2025-08-06T23:41:43.0265019+03:00" endTime="2025-08-06T23:41:43.0265020+03:00" testType="13cdc9d9-ddb5-4fa4-a97d-d965ccfc6d4b" outcome="Passed" testListId="8c84fa94-04c1-424b-9868-57a2d4851a1d" relativeResultsDirectory="fe951b52-bec4-4770-99df-e71f3b1c7caa" />
    <UnitTestResult executionId="9ab70306-604f-43ca-bfa4-3778f7c5a83a" testId="b33875ca-51bf-c1a8-98dc-40a02225a815" testName="CardValidation.Tests.CardValidationServiceTests.GetPaymentSystemType_InvalidCardNumber_ThrowsNotImplementedException(cardNumber: &quot;1234567890123456&quot;)" computerName="WIN-5VIDF1NH070" duration="00:00:00.0000421" startTime="2025-08-06T23:41:43.0298924+03:00" endTime="2025-08-06T23:41:43.0298925+03:00" testType="13cdc9d9-ddb5-4fa4-a97d-d965ccfc6d4b" outcome="Passed" testListId="8c84fa94-04c1-424b-9868-57a2d4851a1d" relativeResultsDirectory="9ab70306-604f-43ca-bfa4-3778f7c5a83a" />
    <UnitTestResult executionId="6183ee94-2070-4d6a-abe9-41f2b5ec91c5" testId="66ee897e-48ee-b716-146f-3ee1ee8effcb" testName="CardValidation.Tests.CardValidationServiceTests.ValidateNumber_InvalidCardNumbers_ReturnsFalse(cardNumber: &quot;6111111111111111&quot;)" computerName="WIN-5VIDF1NH070" duration="00:00:00.0000100" startTime="2025-08-06T23:41:42.9831516+03:00" endTime="2025-08-06T23:41:42.9831518+03:00" testType="13cdc9d9-ddb5-4fa4-a97d-d965ccfc6d4b" outcome="Passed" testListId="8c84fa94-04c1-424b-9868-57a2d4851a1d" relativeResultsDirectory="6183ee94-2070-4d6a-abe9-41f2b5ec91c5" />
    <UnitTestResult executionId="033d7f04-9e87-4113-989b-d97c44713da7" testId="03fe3eef-2f9a-f9ac-ab2f-75e332210523" testName="CardValidation.Tests.CardValidationServiceTests.ValidateCvc_ValidCvc_ReturnsTrue(cvc: &quot;123&quot;)" computerName="WIN-5VIDF1NH070" duration="00:00:00.0003767" startTime="2025-08-06T23:41:43.0279801+03:00" endTime="2025-08-06T23:41:43.0279802+03:00" testType="13cdc9d9-ddb5-4fa4-a97d-d965ccfc6d4b" outcome="Passed" testListId="8c84fa94-04c1-424b-9868-57a2d4851a1d" relativeResultsDirectory="033d7f04-9e87-4113-989b-d97c44713da7" />
    <UnitTestResult executionId="e7536571-ceab-41aa-8671-927b054c9bc2" testId="a499aa5b-2feb-1475-b6db-cecf2339e7cf" testName="CardValidation.Tests.CardValidationServiceTests.ValidateNumber_InvalidCardNumbers_ReturnsFalse(cardNumber: &quot;123456789012345&quot;)" computerName="WIN-5VIDF1NH070" duration="00:00:00.0000111" startTime="2025-08-06T23:41:42.9804003+03:00" endTime="2025-08-06T23:41:42.9804004+03:00" testType="13cdc9d9-ddb5-4fa4-a97d-d965ccfc6d4b" outcome="Passed" testListId="8c84fa94-04c1-424b-9868-57a2d4851a1d" relativeResultsDirectory="e7536571-ceab-41aa-8671-927b054c9bc2" />
    <UnitTestResult executionId="b3c2515a-5a17-4303-975f-ea46f382b2ff" testId="418afa25-8122-0750-3770-57c0e7dda15a" testName="CardValidation.Tests.CardValidationServiceTests.ValidateIssueDate_InvalidDates_ReturnsFalse(issueDate: &quot;12.2025&quot;)" computerName="WIN-5VIDF1NH070" duration="00:00:00.0000192" startTime="2025-08-06T23:41:43.0239462+03:00" endTime="2025-08-06T23:41:43.0239463+03:00" testType="13cdc9d9-ddb5-4fa4-a97d-d965ccfc6d4b" outcome="Passed" testListId="8c84fa94-04c1-424b-9868-57a2d4851a1d" relativeResultsDirectory="b3c2515a-5a17-4303-975f-ea46f382b2ff" />
    <UnitTestResult executionId="0f96bccb-15e0-4f9d-ab19-9f27da90fdd6" testId="1cdb54c0-5c07-53af-61a8-89d4049200b7" testName="CardValidation.Tests.CardValidationServiceTests.ValidateCvc_InvalidCvc_ReturnsFalse(cvc: &quot;12345&quot;)" computerName="WIN-5VIDF1NH070" duration="00:00:00.0001167" startTime="2025-08-06T23:41:43.0327081+03:00" endTime="2025-08-06T23:41:43.0327082+03:00" testType="13cdc9d9-ddb5-4fa4-a97d-d965ccfc6d4b" outcome="Passed" testListId="8c84fa94-04c1-424b-9868-57a2d4851a1d" relativeResultsDirectory="0f96bccb-15e0-4f9d-ab19-9f27da90fdd6" />
    <UnitTestResult executionId="de028765-200c-469e-82f8-172bad03900e" testId="ed59853c-4113-08fd-1467-28e881b2aeb9" testName="CardValidation.Tests.CardValidationServiceTests.ValidateNumber_ValidMasterCardStartingWith2_ReturnsTrue" computerName="WIN-5VIDF1NH070" duration="00:00:00.0000727" startTime="2025-08-06T23:41:43.0439982+03:00" endTime="2025-08-06T23:41:43.0439983+03:00" testType="13cdc9d9-ddb5-4fa4-a97d-d965ccfc6d4b" outcome="Passed" testListId="8c84fa94-04c1-424b-9868-57a2d4851a1d" relativeResultsDirectory="de028765-200c-469e-82f8-172bad03900e" />
    <UnitTestResult executionId="48167dd1-8194-4d5b-9b93-a863daca2c08" testId="eff24b27-9d44-26e0-a6dd-e7bab75dc135" testName="CardValidation.Tests.CardValidationServiceTests.ValidateIssueDate_ValidFutureDates_ReturnsTrue(issueDate: &quot;01/2030&quot;)" computerName="WIN-5VIDF1NH070" duration="00:00:00.0000925" startTime="2025-08-06T23:41:43.0417292+03:00" endTime="2025-08-06T23:41:43.0417293+03:00" testType="13cdc9d9-ddb5-4fa4-a97d-d965ccfc6d4b" outcome="Passed" testListId="8c84fa94-04c1-424b-9868-57a2d4851a1d" relativeResultsDirectory="48167dd1-8194-4d5b-9b93-a863daca2c08" />
    <UnitTestResult executionId="81f9d260-33e0-4b2c-845f-5177e18cdb3a" testId="568360e3-f6f8-d9a5-fefe-8237fc184a40" testName="CardValidation.Tests.CardValidationServiceTests.ValidateIssueDate_InvalidDates_ReturnsFalse(issueDate: &quot;12/2020&quot;)" computerName="WIN-5VIDF1NH070" duration="00:00:00.0012417" startTime="2025-08-06T23:41:43.0220339+03:00" endTime="2025-08-06T23:41:43.0220340+03:00" testType="13cdc9d9-ddb5-4fa4-a97d-d965ccfc6d4b" outcome="Passed" testListId="8c84fa94-04c1-424b-9868-57a2d4851a1d" relativeResultsDirectory="81f9d260-33e0-4b2c-845f-5177e18cdb3a" />
    <UnitTestResult executionId="13533255-07f9-42cb-9057-7c69faf71bd5" testId="3f0bf207-d2ef-4602-29d8-5c5ca76c3466" testName="CardValidation.Tests.CardValidationServiceTests.ValidateOwner_InvalidNames_ReturnsFalse(owner: &quot;123&quot;)" computerName="WIN-5VIDF1NH070" duration="00:00:00.0000081" startTime="2025-08-06T23:41:43.0215153+03:00" endTime="2025-08-06T23:41:43.0215154+03:00" testType="13cdc9d9-ddb5-4fa4-a97d-d965ccfc6d4b" outcome="Passed" testListId="8c84fa94-04c1-424b-9868-57a2d4851a1d" relativeResultsDirectory="13533255-07f9-42cb-9057-7c69faf71bd5" />
    <UnitTestResult executionId="5b94f9b8-0aef-4d91-9df8-f11ed1612ac3" testId="9adbd584-12bd-db39-8139-0ed6e062af91" testName="CardValidation.Tests.CardValidationServiceTests.GetPaymentSystemType_ValidMasterCard_ReturnsMasterCard" computerName="WIN-5VIDF1NH070" duration="00:00:00.0038519" startTime="2025-08-06T23:41:43.0449985+03:00" endTime="2025-08-06T23:41:43.0449985+03:00" testType="13cdc9d9-ddb5-4fa4-a97d-d965ccfc6d4b" outcome="Passed" testListId="8c84fa94-04c1-424b-9868-57a2d4851a1d" relativeResultsDirectory="5b94f9b8-0aef-4d91-9df8-f11ed1612ac3" />
    <UnitTestResult executionId="414ecdad-1849-4a16-b238-dd072c20bc62" testId="61003bde-de0a-9894-fe3b-4b3930d15982" testName="CardValidation.Tests.CardValidationServiceTests.ValidateOwner_InvalidNames_ReturnsFalse(owner: &quot;&quot;)" computerName="WIN-5VIDF1NH070" duration="00:00:00.0000076" startTime="2025-08-06T23:41:43.0177396+03:00" endTime="2025-08-06T23:41:43.0177397+03:00" testType="13cdc9d9-ddb5-4fa4-a97d-d965ccfc6d4b" outcome="Passed" testListId="8c84fa94-04c1-424b-9868-57a2d4851a1d" relativeResultsDirectory="414ecdad-1849-4a16-b238-dd072c20bc62" />
    <UnitTestResult executionId="4d7f7bf3-dff5-47af-99e5-8be148d811bc" testId="52f59a10-87ff-6a1f-0731-2bad5d46acc4" testName="CardValidation.Tests.CardValidationServiceTests.ValidateNumber_ValidAmericanExpress_ReturnsTrue" computerName="WIN-5VIDF1NH070" duration="00:00:00.0000693" startTime="2025-08-06T23:41:43.0444914+03:00" endTime="2025-08-06T23:41:43.0444915+03:00" testType="13cdc9d9-ddb5-4fa4-a97d-d965ccfc6d4b" outcome="Passed" testListId="8c84fa94-04c1-424b-9868-57a2d4851a1d" relativeResultsDirectory="4d7f7bf3-dff5-47af-99e5-8be148d811bc" />
    <UnitTestResult executionId="db24b0f4-1703-4a64-a8ea-396c90aa3526" testId="b75691c0-416b-6629-79d1-7e8dfeb092c8" testName="CardValidation.Tests.CardValidationServiceTests.ValidateOwner_InvalidNames_ReturnsFalse(owner: &quot;John Doe Smith Wilson&quot;)" computerName="WIN-5VIDF1NH070" duration="00:00:00.0000146" startTime="2025-08-06T23:41:43.0160134+03:00" endTime="2025-08-06T23:41:43.0160135+03:00" testType="13cdc9d9-ddb5-4fa4-a97d-d965ccfc6d4b" outcome="Passed" testListId="8c84fa94-04c1-424b-9868-57a2d4851a1d" relativeResultsDirectory="db24b0f4-1703-4a64-a8ea-396c90aa3526" />
    <UnitTestResult executionId="2c2531dc-bd59-4bb1-bbb0-1024b4a92143" testId="9f845c3a-e916-1d7a-e3b1-e8aefce26289" testName="CardValidation.Tests.CardValidationServiceTests.ValidateNumber_InvalidCardNumbers_ReturnsFalse(cardNumber: &quot;411111111111111&quot;)" computerName="WIN-5VIDF1NH070" duration="00:00:00.0000180" startTime="2025-08-06T23:41:42.9798327+03:00" endTime="2025-08-06T23:41:42.9798329+03:00" testType="13cdc9d9-ddb5-4fa4-a97d-d965ccfc6d4b" outcome="Passed" testListId="8c84fa94-04c1-424b-9868-57a2d4851a1d" relativeResultsDirectory="2c2531dc-bd59-4bb1-bbb0-1024b4a92143" />
    <UnitTestResult executionId="c8b6b215-2ab9-479e-8356-342a97073222" testId="e1ea6a4a-b3e5-efed-88b5-b8ad3e6dc864" testName="CardValidation.Tests.CardValidationServiceTests.ValidateCvc_InvalidCvc_ReturnsFalse(cvc: &quot;12a&quot;)" computerName="WIN-5VIDF1NH070" duration="00:00:00.0000685" startTime="2025-08-06T23:41:43.0322264+03:00" endTime="2025-08-06T23:41:43.0322265+03:00" testType="13cdc9d9-ddb5-4fa4-a97d-d965ccfc6d4b" outcome="Passed" testListId="8c84fa94-04c1-424b-9868-57a2d4851a1d" relativeResultsDirectory="c8b6b215-2ab9-479e-8356-342a97073222" />
    <UnitTestResult executionId="e9270e49-6882-4910-bfac-23c13c37fce5" testId="a1ee792d-d13e-966d-9dc4-b2cd6979c43d" testName="CardValidation.Tests.CardValidationServiceTests.ValidateCvc_InvalidCvc_ReturnsFalse(cvc: &quot;&quot;)" computerName="WIN-5VIDF1NH070" duration="00:00:00.0000079" startTime="2025-08-06T23:41:43.0344109+03:00" endTime="2025-08-06T23:41:43.0344110+03:00" testType="13cdc9d9-ddb5-4fa4-a97d-d965ccfc6d4b" outcome="Passed" testListId="8c84fa94-04c1-424b-9868-57a2d4851a1d" relativeResultsDirectory="e9270e49-6882-4910-bfac-23c13c37fce5" />
    <UnitTestResult executionId="f7b8fa71-4101-4ece-b775-1170d66dbd1d" testId="b84b6dd4-3279-65ed-aebe-c2696107441c" testName="CardValidation.Tests.CardValidationServiceTests.ValidateIssueDate_InvalidDates_ReturnsFalse(issueDate: &quot;12 2025&quot;)" computerName="WIN-5VIDF1NH070" duration="00:00:00.0000240" startTime="2025-08-06T23:41:43.0229907+03:00" endTime="2025-08-06T23:41:43.0229908+03:00" testType="13cdc9d9-ddb5-4fa4-a97d-d965ccfc6d4b" outcome="Passed" testListId="8c84fa94-04c1-424b-9868-57a2d4851a1d" relativeResultsDirectory="f7b8fa71-4101-4ece-b775-1170d66dbd1d" />
    <UnitTestResult executionId="f4ac3721-8202-451e-93c6-919bb386a96a" testId="6ab64e1b-22a8-a56c-7830-a6c4a021b061" testName="CardValidation.Tests.CardValidationServiceTests.ValidateOwner_InvalidNames_ReturnsFalse(owner: &quot;John Doe Smith Johnson&quot;)" computerName="WIN-5VIDF1NH070" duration="00:00:00.0000125" startTime="2025-08-06T23:41:43.0165988+03:00" endTime="2025-08-06T23:41:43.0165989+03:00" testType="13cdc9d9-ddb5-4fa4-a97d-d965ccfc6d4b" outcome="Passed" testListId="8c84fa94-04c1-424b-9868-57a2d4851a1d" relativeResultsDirectory="f4ac3721-8202-451e-93c6-919bb386a96a" />
  </Results>
  <TestDefinitions>
    <UnitTest name="CardValidation.Tests.CardValidationServiceTests.GetPaymentSystemType_ValidAmericanExpress_ReturnsAmericanExpress" storage="c:\users\user\ideaprojects\qa-home-assignment\cardvalidation.tests\bin\release\net8.0\cardvalidation.tests.dll" id="d77e7327-ed8d-dea6-a2bb-8a3849285946">
      <Execution id="9e43452d-9452-4adc-93e6-e5a5f1358c82" />
      <TestMethod codeBase="C:\Users\User\IdeaProjects\qa-home-assignment\CardValidation.Tests\bin\Release\net8.0\CardValidation.Tests.dll" adapterTypeName="executor://xunit/VsTestRunner2/netcoreapp" className="CardValidation.Tests.CardValidationServiceTests" name="GetPaymentSystemType_ValidAmericanExpress_ReturnsAmericanExpress" />
    </UnitTest>
    <UnitTest name="CardValidation.Tests.CardValidationServiceTests.ValidateIssueDate_ValidFutureDates_ReturnsTrue(issueDate: &quot;12/2025&quot;)" storage="c:\users\user\ideaprojects\qa-home-assignment\cardvalidation.tests\bin\release\net8.0\cardvalidation.tests.dll" id="c93afe84-9d1d-b191-1238-ad191095842b">
      <Execution id="53c06015-b3ce-4cb5-b5f4-e3ee66ce20a2" />
      <TestMethod codeBase="C:\Users\User\IdeaProjects\qa-home-assignment\CardValidation.Tests\bin\Release\net8.0\CardValidation.Tests.dll" adapterTypeName="executor://xunit/VsTestRunner2/netcoreapp" className="CardValidation.Tests.CardValidationServiceTests" name="ValidateIssueDate_ValidFutureDates_ReturnsTrue" />
    </UnitTest>
    <UnitTest name="CardValidation.Tests.CardValidationServiceTests.ValidateOwner_ValidNames_ReturnsTrue(owner: &quot;John Doe&quot;)" storage="c:\users\user\ideaprojects\qa-home-assignment\cardvalidation.tests\bin\release\net8.0\cardvalidation.tests.dll" id="291cdfd5-b607-ef24-a830-0df891400d5b">
      <Execution id="7fa7c27f-fdc7-4d3b-a231-38c96798346e" />
      <TestMethod codeBase="C:\Users\User\IdeaProjects\qa-home-assignment\CardValidation.Tests\bin\Release\net8.0\CardValidation.Tests.dll" adapterTypeName="executor://xunit/VsTestRunner2/netcoreapp" className="CardValidation.Tests.CardValidationServiceTests" name="ValidateOwner_ValidNames_ReturnsTrue" />
    </UnitTest>
    <UnitTest name="CardValidation.Tests.CardValidationServiceTests.ValidateNumber_InvalidCardNumbers_ReturnsFalse(cardNumber: &quot;6111111111111111&quot;)" storage="c:\users\user\ideaprojects\qa-home-assignment\cardvalidation.tests\bin\release\net8.0\cardvalidation.tests.dll" id="66ee897e-48ee-b716-146f-3ee1ee8effcb">
      <Execution id="6183ee94-2070-4d6a-abe9-41f2b5ec91c5" />
      <TestMethod codeBase="C:\Users\User\IdeaProjects\qa-home-assignment\CardValidation.Tests\bin\Release\net8.0\CardValidation.Tests.dll" adapterTypeName="executor://xunit/VsTestRunner2/netcoreapp" className="CardValidation.Tests.CardValidationServiceTests" name="ValidateNumber_InvalidCardNumbers_ReturnsFalse" />
    </UnitTest>
    <UnitTest name="CardValidation.Tests.CardValidationServiceTests.ValidateOwner_InvalidNames_ReturnsFalse(owner: &quot;John Doe Smith Johnson&quot;)" storage="c:\users\user\ideaprojects\qa-home-assignment\cardvalidation.tests\bin\release\net8.0\cardvalidation.tests.dll" id="6ab64e1b-22a8-a56c-7830-a6c4a021b061">
      <Execution id="f4ac3721-8202-451e-93c6-919bb386a96a" />
      <TestMethod codeBase="C:\Users\User\IdeaProjects\qa-home-assignment\CardValidation.Tests\bin\Release\net8.0\CardValidation.Tests.dll" adapterTypeName="executor://xunit/VsTestRunner2/netcoreapp" className="CardValidation.Tests.CardValidationServiceTests" name="ValidateOwner_InvalidNames_ReturnsFalse" />
    </UnitTest>
    <UnitTest name="CardValidation.Tests.CardValidationServiceTests.ValidateCvc_ValidCvc_ReturnsTrue(cvc: &quot;123&quot;)" storage="c:\users\user\ideaprojects\qa-home-assignment\cardvalidation.tests\bin\release\net8.0\cardvalidation.tests.dll" id="03fe3eef-2f9a-f9ac-ab2f-75e332210523">
      <Execution id="033d7f04-9e87-4113-989b-d97c44713da7" />
      <TestMethod codeBase="C:\Users\User\IdeaProjects\qa-home-assignment\CardValidation.Tests\bin\Release\net8.0\CardValidation.Tests.dll" adapterTypeName="executor://xunit/VsTestRunner2/netcoreapp" className="CardValidation.Tests.CardValidationServiceTests" name="ValidateCvc_ValidCvc_ReturnsTrue" />
    </UnitTest>
    <UnitTest name="CardValidation.Tests.CardValidationServiceTests.ValidateNumber_ValidVisaCardWith13Digits_ReturnsTrue" storage="c:\users\user\ideaprojects\qa-home-assignment\cardvalidation.tests\bin\release\net8.0\cardvalidation.tests.dll" id="4d72359d-a2e1-71c8-704f-fb0c0de11a9b">
      <Execution id="428c4789-563f-4e25-afc2-8b7b7b1eae47" />
      <TestMethod codeBase="C:\Users\User\IdeaProjects\qa-home-assignment\CardValidation.Tests\bin\Release\net8.0\CardValidation.Tests.dll" adapterTypeName="executor://xunit/VsTestRunner2/netcoreapp" className="CardValidation.Tests.CardValidationServiceTests" name="ValidateNumber_ValidVisaCardWith13Digits_ReturnsTrue" />
    </UnitTest>
    <UnitTest name="CardValidation.Tests.CardValidationServiceTests.ValidateCvc_InvalidCvc_ReturnsFalse(cvc: &quot;12a&quot;)" storage="c:\users\user\ideaprojects\qa-home-assignment\cardvalidation.tests\bin\release\net8.0\cardvalidation.tests.dll" id="e1ea6a4a-b3e5-efed-88b5-b8ad3e6dc864">
      <Execution id="c8b6b215-2ab9-479e-8356-342a97073222" />
      <TestMethod codeBase="C:\Users\User\IdeaProjects\qa-home-assignment\CardValidation.Tests\bin\Release\net8.0\CardValidation.Tests.dll" adapterTypeName="executor://xunit/VsTestRunner2/netcoreapp" className="CardValidation.Tests.CardValidationServiceTests" name="ValidateCvc_InvalidCvc_ReturnsFalse" />
    </UnitTest>
    <UnitTest name="CardValidation.Tests.CardValidationServiceTests.ValidateOwner_ValidNames_ReturnsTrue(owner: &quot;JANE SMITH&quot;)" storage="c:\users\user\ideaprojects\qa-home-assignment\cardvalidation.tests\bin\release\net8.0\cardvalidation.tests.dll" id="6cfe1bba-26bc-0656-4921-ce3f59f814a4">
      <Execution id="46db90a2-a99d-496e-b6d0-5c989b3ba807" />
      <TestMethod codeBase="C:\Users\User\IdeaProjects\qa-home-assignment\CardValidation.Tests\bin\Release\net8.0\CardValidation.Tests.dll" adapterTypeName="executor://xunit/VsTestRunner2/netcoreapp" className="CardValidation.Tests.CardValidationServiceTests" name="ValidateOwner_ValidNames_ReturnsTrue" />
    </UnitTest>
    <UnitTest name="CardValidation.Tests.CardValidationServiceTests.ValidateIssueDate_ValidFutureDates_ReturnsTrue(issueDate: &quot;01/30&quot;)" storage="c:\users\user\ideaprojects\qa-home-assignment\cardvalidation.tests\bin\release\net8.0\cardvalidation.tests.dll" id="d60d5eb5-9b61-07ce-fe5a-8d6e9f28f530">
      <Execution id="fe19edd5-585f-49d6-a32a-95540073d8dc" />
      <TestMethod codeBase="C:\Users\User\IdeaProjects\qa-home-assignment\CardValidation.Tests\bin\Release\net8.0\CardValidation.Tests.dll" adapterTypeName="executor://xunit/VsTestRunner2/netcoreapp" className="CardValidation.Tests.CardValidationServiceTests" name="ValidateIssueDate_ValidFutureDates_ReturnsTrue" />
    </UnitTest>
    <UnitTest name="CardValidation.Tests.CardValidationServiceTests.GetPaymentSystemType_ValidMasterCard_ReturnsMasterCard" storage="c:\users\user\ideaprojects\qa-home-assignment\cardvalidation.tests\bin\release\net8.0\cardvalidation.tests.dll" id="9adbd584-12bd-db39-8139-0ed6e062af91">
      <Execution id="5b94f9b8-0aef-4d91-9df8-f11ed1612ac3" />
      <TestMethod codeBase="C:\Users\User\IdeaProjects\qa-home-assignment\CardValidation.Tests\bin\Release\net8.0\CardValidation.Tests.dll" adapterTypeName="executor://xunit/VsTestRunner2/netcoreapp" className="CardValidation.Tests.CardValidationServiceTests" name="GetPaymentSystemType_ValidMasterCard_ReturnsMasterCard" />
    </UnitTest>
    <UnitTest name="CardValidation.Tests.CardValidationServiceTests.ValidateIssueDate_InvalidDates_ReturnsFalse(issueDate: &quot;invalid&quot;)" storage="c:\users\user\ideaprojects\qa-home-assignment\cardvalidation.tests\bin\release\net8.0\cardvalidation.tests.dll" id="ecebcbd7-053e-0616-cf31-ee508adc259f">
      <Execution id="e02ed36d-670b-454b-8f37-d0f200e65273" />
      <TestMethod codeBase="C:\Users\User\IdeaProjects\qa-home-assignment\CardValidation.Tests\bin\Release\net8.0\CardValidation.Tests.dll" adapterTypeName="executor://xunit/VsTestRunner2/netcoreapp" className="CardValidation.Tests.CardValidationServiceTests" name="ValidateIssueDate_InvalidDates_ReturnsFalse" />
    </UnitTest>
    <UnitTest name="CardValidation.Tests.CardValidationServiceTests.ValidateNumber_ValidAmericanExpressStartingWith34_ReturnsTrue" storage="c:\users\user\ideaprojects\qa-home-assignment\cardvalidation.tests\bin\release\net8.0\cardvalidation.tests.dll" id="c37cb4df-b74b-6242-1239-819674d5c360">
      <Execution id="7bc3cff0-6991-4086-89da-40a7623b4221" />
      <TestMethod codeBase="C:\Users\User\IdeaProjects\qa-home-assignment\CardValidation.Tests\bin\Release\net8.0\CardValidation.Tests.dll" adapterTypeName="executor://xunit/VsTestRunner2/netcoreapp" className="CardValidation.Tests.CardValidationServiceTests" name="ValidateNumber_ValidAmericanExpressStartingWith34_ReturnsTrue" />
    </UnitTest>
    <UnitTest name="CardValidation.Tests.CardValidationServiceTests.ValidateNumber_InvalidCardNumbers_ReturnsFalse(cardNumber: &quot;311111111111111&quot;)" storage="c:\users\user\ideaprojects\qa-home-assignment\cardvalidation.tests\bin\release\net8.0\cardvalidation.tests.dll" id="288d521c-09b0-e3d6-f0da-8fde2bdcd1f7">
      <Execution id="465bec9c-90d0-4dd0-b9ef-d09cbe7337c0" />
      <TestMethod codeBase="C:\Users\User\IdeaProjects\qa-home-assignment\CardValidation.Tests\bin\Release\net8.0\CardValidation.Tests.dll" adapterTypeName="executor://xunit/VsTestRunner2/netcoreapp" className="CardValidation.Tests.CardValidationServiceTests" name="ValidateNumber_InvalidCardNumbers_ReturnsFalse" />
    </UnitTest>
    <UnitTest name="CardValidation.Tests.CardValidationServiceTests.ValidateNumber_InvalidCardNumbers_ReturnsFalse(cardNumber: &quot;555555555555444&quot;)" storage="c:\users\user\ideaprojects\qa-home-assignment\cardvalidation.tests\bin\release\net8.0\cardvalidation.tests.dll" id="49eed2d9-e4f5-cac2-2b0c-58987a2b6e59">
      <Execution id="9b7ea3e9-60c4-4090-bd91-8da306cf11ee" />
      <TestMethod codeBase="C:\Users\User\IdeaProjects\qa-home-assignment\CardValidation.Tests\bin\Release\net8.0\CardValidation.Tests.dll" adapterTypeName="executor://xunit/VsTestRunner2/netcoreapp" className="CardValidation.Tests.CardValidationServiceTests" name="ValidateNumber_InvalidCardNumbers_ReturnsFalse" />
    </UnitTest>
    <UnitTest name="CardValidation.Tests.CardValidationServiceTests.ValidateOwner_InvalidNames_ReturnsFalse(owner: &quot;A B C D&quot;)" storage="c:\users\user\ideaprojects\qa-home-assignment\cardvalidation.tests\bin\release\net8.0\cardvalidation.tests.dll" id="40865e9e-f250-c204-5ec9-edc340957c55">
      <Execution id="e96a4d80-4a3a-44d2-837a-9f952002782a" />
      <TestMethod codeBase="C:\Users\User\IdeaProjects\qa-home-assignment\CardValidation.Tests\bin\Release\net8.0\CardValidation.Tests.dll" adapterTypeName="executor://xunit/VsTestRunner2/netcoreapp" className="CardValidation.Tests.CardValidationServiceTests" name="ValidateOwner_InvalidNames_ReturnsFalse" />
    </UnitTest>
    <UnitTest name="CardValidation.Tests.CardValidationServiceTests.ValidateIssueDate_InvalidDates_ReturnsFalse(issueDate: &quot;12/2020&quot;)" storage="c:\users\user\ideaprojects\qa-home-assignment\cardvalidation.tests\bin\release\net8.0\cardvalidation.tests.dll" id="568360e3-f6f8-d9a5-fefe-8237fc184a40">
      <Execution id="81f9d260-33e0-4b2c-845f-5177e18cdb3a" />
      <TestMethod codeBase="C:\Users\User\IdeaProjects\qa-home-assignment\CardValidation.Tests\bin\Release\net8.0\CardValidation.Tests.dll" adapterTypeName="executor://xunit/VsTestRunner2/netcoreapp" className="CardValidation.Tests.CardValidationServiceTests" name="ValidateIssueDate_InvalidDates_ReturnsFalse" />
    </UnitTest>
    <UnitTest name="CardValidation.Tests.CardValidationServiceTests.ValidateIssueDate_InvalidDates_ReturnsFalse(issueDate: &quot;12 2025&quot;)" storage="c:\users\user\ideaprojects\qa-home-assignment\cardvalidation.tests\bin\release\net8.0\cardvalidation.tests.dll" id="b84b6dd4-3279-65ed-aebe-c2696107441c">
      <Execution id="f7b8fa71-4101-4ece-b775-1170d66dbd1d" />
      <TestMethod codeBase="C:\Users\User\IdeaProjects\qa-home-assignment\CardValidation.Tests\bin\Release\net8.0\CardValidation.Tests.dll" adapterTypeName="executor://xunit/VsTestRunner2/netcoreapp" className="CardValidation.Tests.CardValidationServiceTests" name="ValidateIssueDate_InvalidDates_ReturnsFalse" />
    </UnitTest>
    <UnitTest name="CardValidation.Tests.CardValidationServiceTests.ValidateOwner_ValidNames_ReturnsTrue(owner: &quot;Mary Jane Wilson&quot;)" storage="c:\users\user\ideaprojects\qa-home-assignment\cardvalidation.tests\bin\release\net8.0\cardvalidation.tests.dll" id="7bc9a501-e85b-47a2-032b-bdb65a72b89e">
      <Execution id="0f37bf6e-61b5-401b-98d2-0c265a193ca8" />
      <TestMethod codeBase="C:\Users\User\IdeaProjects\qa-home-assignment\CardValidation.Tests\bin\Release\net8.0\CardValidation.Tests.dll" adapterTypeName="executor://xunit/VsTestRunner2/netcoreapp" className="CardValidation.Tests.CardValidationServiceTests" name="ValidateOwner_ValidNames_ReturnsTrue" />
    </UnitTest>
    <UnitTest name="CardValidation.Tests.CardValidationServiceTests.ValidateIssueDate_InvalidDates_ReturnsFalse(issueDate: &quot;2025/12&quot;)" storage="c:\users\user\ideaprojects\qa-home-assignment\cardvalidation.tests\bin\release\net8.0\cardvalidation.tests.dll" id="ed9ce7dc-db7f-a87b-02a2-9acad6de22a2">
      <Execution id="763bef72-08cb-4130-824d-5d9bc1cf7a27" />
      <TestMethod codeBase="C:\Users\User\IdeaProjects\qa-home-assignment\CardValidation.Tests\bin\Release\net8.0\CardValidation.Tests.dll" adapterTypeName="executor://xunit/VsTestRunner2/netcoreapp" className="CardValidation.Tests.CardValidationServiceTests" name="ValidateIssueDate_InvalidDates_ReturnsFalse" />
    </UnitTest>
    <UnitTest name="CardValidation.Tests.CardValidationServiceTests.GetPaymentSystemType_InvalidCardNumber_ThrowsNotImplementedException(cardNumber: &quot;&quot;)" storage="c:\users\user\ideaprojects\qa-home-assignment\cardvalidation.tests\bin\release\net8.0\cardvalidation.tests.dll" id="53ccb251-4f4f-db26-31c9-7eb48f98ca7c">
      <Execution id="e0c7738b-0f4f-4d76-9c32-abbed0bc9209" />
      <TestMethod codeBase="C:\Users\User\IdeaProjects\qa-home-assignment\CardValidation.Tests\bin\Release\net8.0\CardValidation.Tests.dll" adapterTypeName="executor://xunit/VsTestRunner2/netcoreapp" className="CardValidation.Tests.CardValidationServiceTests" name="GetPaymentSystemType_InvalidCardNumber_ThrowsNotImplementedException" />
    </UnitTest>
    <UnitTest name="CardValidation.Tests.CardValidationServiceTests.ValidateNumber_InvalidCardNumbers_ReturnsFalse(cardNumber: &quot;12345678901234567&quot;)" storage="c:\users\user\ideaprojects\qa-home-assignment\cardvalidation.tests\bin\release\net8.0\cardvalidation.tests.dll" id="0234eff5-12ae-b92a-274d-68b64e7b1e83">
      <Execution id="6de652d9-d999-45bc-b345-d74befd174e3" />
      <TestMethod codeBase="C:\Users\User\IdeaProjects\qa-home-assignment\CardValidation.Tests\bin\Release\net8.0\CardValidation.Tests.dll" adapterTypeName="executor://xunit/VsTestRunner2/netcoreapp" className="CardValidation.Tests.CardValidationServiceTests" name="ValidateNumber_InvalidCardNumbers_ReturnsFalse" />
    </UnitTest>
    <UnitTest name="CardValidation.Tests.CardValidationServiceTests.ValidateNumber_InvalidCardNumbers_ReturnsFalse(cardNumber: &quot;37828224631000&quot;)" storage="c:\users\user\ideaprojects\qa-home-assignment\cardvalidation.tests\bin\release\net8.0\cardvalidation.tests.dll" id="2d966f22-d1df-5b47-e0d2-d1ca320070d9">
      <Execution id="065000a5-0865-4ca2-93f5-8db58a4277d6" />
      <TestMethod codeBase="C:\Users\User\IdeaProjects\qa-home-assignment\CardValidation.Tests\bin\Release\net8.0\CardValidation.Tests.dll" adapterTypeName="executor://xunit/VsTestRunner2/netcoreapp" className="CardValidation.Tests.CardValidationServiceTests" name="ValidateNumber_InvalidCardNumbers_ReturnsFalse" />
    </UnitTest>
    <UnitTest name="CardValidation.Tests.CardValidationServiceTests.ValidateIssueDate_ValidFutureDates_ReturnsTrue(issueDate: &quot;01/2030&quot;)" storage="c:\users\user\ideaprojects\qa-home-assignment\cardvalidation.tests\bin\release\net8.0\cardvalidation.tests.dll" id="eff24b27-9d44-26e0-a6dd-e7bab75dc135">
      <Execution id="48167dd1-8194-4d5b-9b93-a863daca2c08" />
      <TestMethod codeBase="C:\Users\User\IdeaProjects\qa-home-assignment\CardValidation.Tests\bin\Release\net8.0\CardValidation.Tests.dll" adapterTypeName="executor://xunit/VsTestRunner2/netcoreapp" className="CardValidation.Tests.CardValidationServiceTests" name="ValidateIssueDate_ValidFutureDates_ReturnsTrue" />
    </UnitTest>
    <UnitTest name="CardValidation.Tests.CardValidationServiceTests.ValidateIssueDate_ValidFutureDates_ReturnsTrue(issueDate: &quot;12/25&quot;)" storage="c:\users\user\ideaprojects\qa-home-assignment\cardvalidation.tests\bin\release\net8.0\cardvalidation.tests.dll" id="c39e7efb-f28f-6d58-6a6e-e6a1279b13ae">
      <Execution id="53b4152c-199e-4582-b4dd-a7084ca0c892" />
      <TestMethod codeBase="C:\Users\User\IdeaProjects\qa-home-assignment\CardValidation.Tests\bin\Release\net8.0\CardValidation.Tests.dll" adapterTypeName="executor://xunit/VsTestRunner2/netcoreapp" className="CardValidation.Tests.CardValidationServiceTests" name="ValidateIssueDate_ValidFutureDates_ReturnsTrue" />
    </UnitTest>
    <UnitTest name="CardValidation.Tests.CardValidationServiceTests.ValidateNumber_ValidMasterCard_ReturnsTrue" storage="c:\users\user\ideaprojects\qa-home-assignment\cardvalidation.tests\bin\release\net8.0\cardvalidation.tests.dll" id="7c48deeb-2daf-cf52-4ecb-276c350e95f3">
      <Execution id="43c42878-8f08-46f1-aa47-8f3a9cdcef39" />
      <TestMethod codeBase="C:\Users\User\IdeaProjects\qa-home-assignment\CardValidation.Tests\bin\Release\net8.0\CardValidation.Tests.dll" adapterTypeName="executor://xunit/VsTestRunner2/netcoreapp" className="CardValidation.Tests.CardValidationServiceTests" name="ValidateNumber_ValidMasterCard_ReturnsTrue" />
    </UnitTest>
    <UnitTest name="CardValidation.Tests.CardValidationServiceTests.ValidateIssueDate_InvalidDates_ReturnsFalse(issueDate: &quot;12/20&quot;)" storage="c:\users\user\ideaprojects\qa-home-assignment\cardvalidation.tests\bin\release\net8.0\cardvalidation.tests.dll" id="0d49e221-5879-9372-01de-ad731d829c0b">
      <Execution id="446f3239-b312-44c8-ba0a-253935a09161" />
      <TestMethod codeBase="C:\Users\User\IdeaProjects\qa-home-assignment\CardValidation.Tests\bin\Release\net8.0\CardValidation.Tests.dll" adapterTypeName="executor://xunit/VsTestRunner2/netcoreapp" className="CardValidation.Tests.CardValidationServiceTests" name="ValidateIssueDate_InvalidDates_ReturnsFalse" />
    </UnitTest>
    <UnitTest name="CardValidation.Tests.CardValidationServiceTests.ValidateOwner_InvalidNames_ReturnsFalse(owner: &quot;John-Doe&quot;)" storage="c:\users\user\ideaprojects\qa-home-assignment\cardvalidation.tests\bin\release\net8.0\cardvalidation.tests.dll" id="8dffb24d-ac8c-0abc-6198-f03556c9d323">
      <Execution id="476cb2b1-89f1-4509-a4c8-6cd9a48bba03" />
      <TestMethod codeBase="C:\Users\User\IdeaProjects\qa-home-assignment\CardValidation.Tests\bin\Release\net8.0\CardValidation.Tests.dll" adapterTypeName="executor://xunit/VsTestRunner2/netcoreapp" className="CardValidation.Tests.CardValidationServiceTests" name="ValidateOwner_InvalidNames_ReturnsFalse" />
    </UnitTest>
    <UnitTest name="CardValidation.Tests.CardValidationServiceTests.ValidateNumber_InvalidCardNumbers_ReturnsFalse(cardNumber: &quot;1111111111111111&quot;)" storage="c:\users\user\ideaprojects\qa-home-assignment\cardvalidation.tests\bin\release\net8.0\cardvalidation.tests.dll" id="351b7f0f-c2d2-2eff-3f0a-25a949252ca1">
      <Execution id="05e3fe05-0808-4b5d-921e-8aa9d5602432" />
      <TestMethod codeBase="C:\Users\User\IdeaProjects\qa-home-assignment\CardValidation.Tests\bin\Release\net8.0\CardValidation.Tests.dll" adapterTypeName="executor://xunit/VsTestRunner2/netcoreapp" className="CardValidation.Tests.CardValidationServiceTests" name="ValidateNumber_InvalidCardNumbers_ReturnsFalse" />
    </UnitTest>
    <UnitTest name="CardValidation.Tests.CardValidationServiceTests.ValidateOwner_InvalidNames_ReturnsFalse(owner: &quot;John@Doe&quot;)" storage="c:\users\user\ideaprojects\qa-home-assignment\cardvalidation.tests\bin\release\net8.0\cardvalidation.tests.dll" id="ee4fd440-35ac-b337-e771-7431082311e4">
      <Execution id="e29b8ade-f500-4282-8f9b-0f04d6c16be9" />
      <TestMethod codeBase="C:\Users\User\IdeaProjects\qa-home-assignment\CardValidation.Tests\bin\Release\net8.0\CardValidation.Tests.dll" adapterTypeName="executor://xunit/VsTestRunner2/netcoreapp" className="CardValidation.Tests.CardValidationServiceTests" name="ValidateOwner_InvalidNames_ReturnsFalse" />
    </UnitTest>
    <UnitTest name="CardValidation.Tests.CardValidationServiceTests.ValidateOwner_InvalidNames_ReturnsFalse(owner: &quot;123&quot;)" storage="c:\users\user\ideaprojects\qa-home-assignment\cardvalidation.tests\bin\release\net8.0\cardvalidation.tests.dll" id="3f0bf207-d2ef-4602-29d8-5c5ca76c3466">
      <Execution id="13533255-07f9-42cb-9057-7c69faf71bd5" />
      <TestMethod codeBase="C:\Users\User\IdeaProjects\qa-home-assignment\CardValidation.Tests\bin\Release\net8.0\CardValidation.Tests.dll" adapterTypeName="executor://xunit/VsTestRunner2/netcoreapp" className="CardValidation.Tests.CardValidationServiceTests" name="ValidateOwner_InvalidNames_ReturnsFalse" />
    </UnitTest>
    <UnitTest name="CardValidation.Tests.CardValidationServiceTests.ValidateOwner_InvalidNames_ReturnsFalse(owner: &quot;&quot;)" storage="c:\users\user\ideaprojects\qa-home-assignment\cardvalidation.tests\bin\release\net8.0\cardvalidation.tests.dll" id="61003bde-de0a-9894-fe3b-4b3930d15982">
      <Execution id="414ecdad-1849-4a16-b238-dd072c20bc62" />
      <TestMethod codeBase="C:\Users\User\IdeaProjects\qa-home-assignment\CardValidation.Tests\bin\Release\net8.0\CardValidation.Tests.dll" adapterTypeName="executor://xunit/VsTestRunner2/netcoreapp" className="CardValidation.Tests.CardValidationServiceTests" name="ValidateOwner_InvalidNames_ReturnsFalse" />
    </UnitTest>
    <UnitTest name="CardValidation.Tests.CardValidationServiceTests.ValidateCvc_InvalidCvc_ReturnsFalse(cvc: &quot;12&quot;)" storage="c:\users\user\ideaprojects\qa-home-assignment\cardvalidation.tests\bin\release\net8.0\cardvalidation.tests.dll" id="7ad900d2-2e74-d81c-520e-fe1c26786075">
      <Execution id="a45b7820-e1b1-446c-9807-be0b43d99dc9" />
      <TestMethod codeBase="C:\Users\User\IdeaProjects\qa-home-assignment\CardValidation.Tests\bin\Release\net8.0\CardValidation.Tests.dll" adapterTypeName="executor://xunit/VsTestRunner2/netcoreapp" className="CardValidation.Tests.CardValidationServiceTests" name="ValidateCvc_InvalidCvc_ReturnsFalse" />
    </UnitTest>
    <UnitTest name="CardValidation.Tests.CardValidationServiceTests.ValidateOwner_InvalidNames_ReturnsFalse(owner: &quot;John Doe Smith Wilson&quot;)" storage="c:\users\user\ideaprojects\qa-home-assignment\cardvalidation.tests\bin\release\net8.0\cardvalidation.tests.dll" id="b75691c0-416b-6629-79d1-7e8dfeb092c8">
      <Execution id="db24b0f4-1703-4a64-a8ea-396c90aa3526" />
      <TestMethod codeBase="C:\Users\User\IdeaProjects\qa-home-assignment\CardValidation.Tests\bin\Release\net8.0\CardValidation.Tests.dll" adapterTypeName="executor://xunit/VsTestRunner2/netcoreapp" className="CardValidation.Tests.CardValidationServiceTests" name="ValidateOwner_InvalidNames_ReturnsFalse" />
    </UnitTest>
    <UnitTest name="CardValidation.Tests.CardValidationServiceTests.ValidateNumber_InvalidCardNumbers_ReturnsFalse(cardNumber: &quot;1234567890123456&quot;)" storage="c:\users\user\ideaprojects\qa-home-assignment\cardvalidation.tests\bin\release\net8.0\cardvalidation.tests.dll" id="751e52e5-f884-4698-48af-ebef656b2af9">
      <Execution id="340be6dc-1840-4cdc-8d7b-a9e9409b9ac6" />
      <TestMethod codeBase="C:\Users\User\IdeaProjects\qa-home-assignment\CardValidation.Tests\bin\Release\net8.0\CardValidation.Tests.dll" adapterTypeName="executor://xunit/VsTestRunner2/netcoreapp" className="CardValidation.Tests.CardValidationServiceTests" name="ValidateNumber_InvalidCardNumbers_ReturnsFalse" />
    </UnitTest>
    <UnitTest name="CardValidation.Tests.CardValidationServiceTests.GetPaymentSystemType_InvalidCardNumber_ThrowsNotImplementedException(cardNumber: &quot;invalid&quot;)" storage="c:\users\user\ideaprojects\qa-home-assignment\cardvalidation.tests\bin\release\net8.0\cardvalidation.tests.dll" id="514b8df5-55ae-6525-6749-cddb6776a607">
      <Execution id="cb37d031-741f-489f-9eba-a564abd085b8" />
      <TestMethod codeBase="C:\Users\User\IdeaProjects\qa-home-assignment\CardValidation.Tests\bin\Release\net8.0\CardValidation.Tests.dll" adapterTypeName="executor://xunit/VsTestRunner2/netcoreapp" className="CardValidation.Tests.CardValidationServiceTests" name="GetPaymentSystemType_InvalidCardNumber_ThrowsNotImplementedException" />
    </UnitTest>
    <UnitTest name="CardValidation.Tests.CardValidationServiceTests.GetPaymentSystemType_ValidVisaCard_ReturnsVisa" storage="c:\users\user\ideaprojects\qa-home-assignment\cardvalidation.tests\bin\release\net8.0\cardvalidation.tests.dll" id="899933af-4f96-e8e5-554e-a1f1912beeb5">
      <Execution id="c21392e9-55d8-4ef2-a6fd-f23a2c16b319" />
      <TestMethod codeBase="C:\Users\User\IdeaProjects\qa-home-assignment\CardValidation.Tests\bin\Release\net8.0\CardValidation.Tests.dll" adapterTypeName="executor://xunit/VsTestRunner2/netcoreapp" className="CardValidation.Tests.CardValidationServiceTests" name="GetPaymentSystemType_ValidVisaCard_ReturnsVisa" />
    </UnitTest>
    <UnitTest name="CardValidation.Tests.CardValidationServiceTests.ValidateIssueDate_InvalidDates_ReturnsFalse(issueDate: &quot;12-2025&quot;)" storage="c:\users\user\ideaprojects\qa-home-assignment\cardvalidation.tests\bin\release\net8.0\cardvalidation.tests.dll" id="8e389afe-3e34-41d8-2d8c-d9bbafdaab7b">
      <Execution id="0dfe703a-ffeb-403c-a881-20f0f12d115d" />
      <TestMethod codeBase="C:\Users\User\IdeaProjects\qa-home-assignment\CardValidation.Tests\bin\Release\net8.0\CardValidation.Tests.dll" adapterTypeName="executor://xunit/VsTestRunner2/netcoreapp" className="CardValidation.Tests.CardValidationServiceTests" name="ValidateIssueDate_InvalidDates_ReturnsFalse" />
    </UnitTest>
    <UnitTest name="CardValidation.Tests.CardValidationServiceTests.ValidateCvc_InvalidCvc_ReturnsFalse(cvc: &quot;&quot;)" storage="c:\users\user\ideaprojects\qa-home-assignment\cardvalidation.tests\bin\release\net8.0\cardvalidation.tests.dll" id="a1ee792d-d13e-966d-9dc4-b2cd6979c43d">
      <Execution id="e9270e49-6882-4910-bfac-23c13c37fce5" />
      <TestMethod codeBase="C:\Users\User\IdeaProjects\qa-home-assignment\CardValidation.Tests\bin\Release\net8.0\CardValidation.Tests.dll" adapterTypeName="executor://xunit/VsTestRunner2/netcoreapp" className="CardValidation.Tests.CardValidationServiceTests" name="ValidateCvc_InvalidCvc_ReturnsFalse" />
    </UnitTest>
    <UnitTest name="CardValidation.Tests.CardValidationServiceTests.GetPaymentSystemType_InvalidCardNumber_ThrowsNotImplementedException(cardNumber: &quot;1234567890123456&quot;)" storage="c:\users\user\ideaprojects\qa-home-assignment\cardvalidation.tests\bin\release\net8.0\cardvalidation.tests.dll" id="b33875ca-51bf-c1a8-98dc-40a02225a815">
      <Execution id="9ab70306-604f-43ca-bfa4-3778f7c5a83a" />
      <TestMethod codeBase="C:\Users\User\IdeaProjects\qa-home-assignment\CardValidation.Tests\bin\Release\net8.0\CardValidation.Tests.dll" adapterTypeName="executor://xunit/VsTestRunner2/netcoreapp" className="CardValidation.Tests.CardValidationServiceTests" name="GetPaymentSystemType_InvalidCardNumber_ThrowsNotImplementedException" />
    </UnitTest>
    <UnitTest name="CardValidation.Tests.CardValidationServiceTests.ValidateIssueDate_InvalidDates_ReturnsFalse(issueDate: &quot;12 20 25&quot;)" storage="c:\users\user\ideaprojects\qa-home-assignment\cardvalidation.tests\bin\release\net8.0\cardvalidation.tests.dll" id="e1befb6e-90d1-0eb7-dbd3-87889924e85e">
      <Execution id="ad23e4ea-401d-4f56-9ad1-0c62b9ee0baa" />
      <TestMethod codeBase="C:\Users\User\IdeaProjects\qa-home-assignment\CardValidation.Tests\bin\Release\net8.0\CardValidation.Tests.dll" adapterTypeName="executor://xunit/VsTestRunner2/netcoreapp" className="CardValidation.Tests.CardValidationServiceTests" name="ValidateIssueDate_InvalidDates_ReturnsFalse" />
    </UnitTest>
    <UnitTest name="CardValidation.Tests.CardValidationServiceTests.ValidateIssueDate_InvalidDates_ReturnsFalse(issueDate: &quot;13/2025&quot;)" storage="c:\users\user\ideaprojects\qa-home-assignment\cardvalidation.tests\bin\release\net8.0\cardvalidation.tests.dll" id="6610fafb-17fa-7f37-9268-ebd41700d36b">
      <Execution id="fe951b52-bec4-4770-99df-e71f3b1c7caa" />
      <TestMethod codeBase="C:\Users\User\IdeaProjects\qa-home-assignment\CardValidation.Tests\bin\Release\net8.0\CardValidation.Tests.dll" adapterTypeName="executor://xunit/VsTestRunner2/netcoreapp" className="CardValidation.Tests.CardValidationServiceTests" name="ValidateIssueDate_InvalidDates_ReturnsFalse" />
    </UnitTest>
    <UnitTest name="CardValidation.Tests.CardValidationServiceTests.ValidateNumber_ValidMasterCardStartingWith2_ReturnsTrue" storage="c:\users\user\ideaprojects\qa-home-assignment\cardvalidation.tests\bin\release\net8.0\cardvalidation.tests.dll" id="ed59853c-4113-08fd-1467-28e881b2aeb9">
      <Execution id="de028765-200c-469e-82f8-172bad03900e" />
      <TestMethod codeBase="C:\Users\User\IdeaProjects\qa-home-assignment\CardValidation.Tests\bin\Release\net8.0\CardValidation.Tests.dll" adapterTypeName="executor://xunit/VsTestRunner2/netcoreapp" className="CardValidation.Tests.CardValidationServiceTests" name="ValidateNumber_ValidMasterCardStartingWith2_ReturnsTrue" />
    </UnitTest>
    <UnitTest name="CardValidation.Tests.CardValidationServiceTests.ValidateCvc_InvalidCvc_ReturnsFalse(cvc: &quot;12345&quot;)" storage="c:\users\user\ideaprojects\qa-home-assignment\cardvalidation.tests\bin\release\net8.0\cardvalidation.tests.dll" id="1cdb54c0-5c07-53af-61a8-89d4049200b7">
      <Execution id="0f96bccb-15e0-4f9d-ab19-9f27da90fdd6" />
      <TestMethod codeBase="C:\Users\User\IdeaProjects\qa-home-assignment\CardValidation.Tests\bin\Release\net8.0\CardValidation.Tests.dll" adapterTypeName="executor://xunit/VsTestRunner2/netcoreapp" className="CardValidation.Tests.CardValidationServiceTests" name="ValidateCvc_InvalidCvc_ReturnsFalse" />
    </UnitTest>
    <UnitTest name="CardValidation.Tests.CardValidationServiceTests.ValidateNumber_InvalidCardNumbers_ReturnsFalse(cardNumber: &quot;411111111111111&quot;)" storage="c:\users\user\ideaprojects\qa-home-assignment\cardvalidation.tests\bin\release\net8.0\cardvalidation.tests.dll" id="9f845c3a-e916-1d7a-e3b1-e8aefce26289">
      <Execution id="2c2531dc-bd59-4bb1-bbb0-1024b4a92143" />
      <TestMethod codeBase="C:\Users\User\IdeaProjects\qa-home-assignment\CardValidation.Tests\bin\Release\net8.0\CardValidation.Tests.dll" adapterTypeName="executor://xunit/VsTestRunner2/netcoreapp" className="CardValidation.Tests.CardValidationServiceTests" name="ValidateNumber_InvalidCardNumbers_ReturnsFalse" />
    </UnitTest>
    <UnitTest name="CardValidation.Tests.CardValidationServiceTests.ValidateNumber_InvalidCardNumbers_ReturnsFalse(cardNumber: &quot;123456789012345&quot;)" storage="c:\users\user\ideaprojects\qa-home-assignment\cardvalidation.tests\bin\release\net8.0\cardvalidation.tests.dll" id="a499aa5b-2feb-1475-b6db-cecf2339e7cf">
      <Execution id="e7536571-ceab-41aa-8671-927b054c9bc2" />
      <TestMethod codeBase="C:\Users\User\IdeaProjects\qa-home-assignment\CardValidation.Tests\bin\Release\net8.0\CardValidation.Tests.dll" adapterTypeName="executor://xunit/VsTestRunner2/netcoreapp" className="CardValidation.Tests.CardValidationServiceTests" name="ValidateNumber_InvalidCardNumbers_ReturnsFalse" />
    </UnitTest>
    <UnitTest name="CardValidation.Tests.CardValidationServiceTests.ValidateCvc_ValidCvc_ReturnsTrue(cvc: &quot;1234&quot;)" storage="c:\users\user\ideaprojects\qa-home-assignment\cardvalidation.tests\bin\release\net8.0\cardvalidation.tests.dll" id="8eac923c-97e6-1969-98ca-9e1a95f7a32c">
      <Execution id="a710f3fa-52e2-4fe2-828b-10d1d8013a1a" />
      <TestMethod codeBase="C:\Users\User\IdeaProjects\qa-home-assignment\CardValidation.Tests\bin\Release\net8.0\CardValidation.Tests.dll" adapterTypeName="executor://xunit/VsTestRunner2/netcoreapp" className="CardValidation.Tests.CardValidationServiceTests" name="ValidateCvc_ValidCvc_ReturnsTrue" />
    </UnitTest>
    <UnitTest name="CardValidation.Tests.CardValidationServiceTests.ValidateNumber_InvalidCardNumbers_ReturnsFalse(cardNumber: &quot;&quot;)" storage="c:\users\user\ideaprojects\qa-home-assignment\cardvalidation.tests\bin\release\net8.0\cardvalidation.tests.dll" id="10354123-f504-b473-ab0a-a4ed853949e8">
      <Execution id="d688155f-529f-41de-91a3-4f31f90c2028" />
      <TestMethod codeBase="C:\Users\User\IdeaProjects\qa-home-assignment\CardValidation.Tests\bin\Release\net8.0\CardValidation.Tests.dll" adapterTypeName="executor://xunit/VsTestRunner2/netcoreapp" className="CardValidation.Tests.CardValidationServiceTests" name="ValidateNumber_InvalidCardNumbers_ReturnsFalse" />
    </UnitTest>
    <UnitTest name="CardValidation.Tests.CardValidationServiceTests.ValidateNumber_ValidAmericanExpress_ReturnsTrue" storage="c:\users\user\ideaprojects\qa-home-assignment\cardvalidation.tests\bin\release\net8.0\cardvalidation.tests.dll" id="52f59a10-87ff-6a1f-0731-2bad5d46acc4">
      <Execution id="4d7f7bf3-dff5-47af-99e5-8be148d811bc" />
      <TestMethod codeBase="C:\Users\User\IdeaProjects\qa-home-assignment\CardValidation.Tests\bin\Release\net8.0\CardValidation.Tests.dll" adapterTypeName="executor://xunit/VsTestRunner2/netcoreapp" className="CardValidation.Tests.CardValidationServiceTests" name="ValidateNumber_ValidAmericanExpress_ReturnsTrue" />
    </UnitTest>
    <UnitTest name="CardValidation.Tests.CardValidationServiceTests.ValidateIssueDate_InvalidDates_ReturnsFalse(issueDate: &quot;00/2025&quot;)" storage="c:\users\user\ideaprojects\qa-home-assignment\cardvalidation.tests\bin\release\net8.0\cardvalidation.tests.dll" id="507af6c5-16b9-571e-7e99-689b5bec2645">
      <Execution id="af399219-fe25-49c9-8011-38081af10e31" />
      <TestMethod codeBase="C:\Users\User\IdeaProjects\qa-home-assignment\CardValidation.Tests\bin\Release\net8.0\CardValidation.Tests.dll" adapterTypeName="executor://xunit/VsTestRunner2/netcoreapp" className="CardValidation.Tests.CardValidationServiceTests" name="ValidateIssueDate_InvalidDates_ReturnsFalse" />
    </UnitTest>
    <UnitTest name="CardValidation.Tests.CardValidationServiceTests.ValidateOwner_InvalidNames_ReturnsFalse(owner: &quot;John123&quot;)" storage="c:\users\user\ideaprojects\qa-home-assignment\cardvalidation.tests\bin\release\net8.0\cardvalidation.tests.dll" id="819d169f-9853-a375-d173-d72a4b676ff1">
      <Execution id="c8d4484b-1309-476e-8e9e-de411035096a" />
      <TestMethod codeBase="C:\Users\User\IdeaProjects\qa-home-assignment\CardValidation.Tests\bin\Release\net8.0\CardValidation.Tests.dll" adapterTypeName="executor://xunit/VsTestRunner2/netcoreapp" className="CardValidation.Tests.CardValidationServiceTests" name="ValidateOwner_InvalidNames_ReturnsFalse" />
    </UnitTest>
    <UnitTest name="CardValidation.Tests.CardValidationServiceTests.ValidateCvc_InvalidCvc_ReturnsFalse(cvc: &quot;invalid&quot;)" storage="c:\users\user\ideaprojects\qa-home-assignment\cardvalidation.tests\bin\release\net8.0\cardvalidation.tests.dll" id="be952085-c4c9-eb2b-aa18-46ed9934adcf">
      <Execution id="055d5001-4457-4b39-b4a5-6ce3ba40505a" />
      <TestMethod codeBase="C:\Users\User\IdeaProjects\qa-home-assignment\CardValidation.Tests\bin\Release\net8.0\CardValidation.Tests.dll" adapterTypeName="executor://xunit/VsTestRunner2/netcoreapp" className="CardValidation.Tests.CardValidationServiceTests" name="ValidateCvc_InvalidCvc_ReturnsFalse" />
    </UnitTest>
    <UnitTest name="CardValidation.Tests.CardValidationServiceTests.ValidateIssueDate_InvalidDates_ReturnsFalse(issueDate: &quot;12.2025&quot;)" storage="c:\users\user\ideaprojects\qa-home-assignment\cardvalidation.tests\bin\release\net8.0\cardvalidation.tests.dll" id="418afa25-8122-0750-3770-57c0e7dda15a">
      <Execution id="b3c2515a-5a17-4303-975f-ea46f382b2ff" />
      <TestMethod codeBase="C:\Users\User\IdeaProjects\qa-home-assignment\CardValidation.Tests\bin\Release\net8.0\CardValidation.Tests.dll" adapterTypeName="executor://xunit/VsTestRunner2/netcoreapp" className="CardValidation.Tests.CardValidationServiceTests" name="ValidateIssueDate_InvalidDates_ReturnsFalse" />
    </UnitTest>
    <UnitTest name="CardValidation.Tests.CardValidationServiceTests.ValidateOwner_ValidNames_ReturnsTrue(owner: &quot;A B C&quot;)" storage="c:\users\user\ideaprojects\qa-home-assignment\cardvalidation.tests\bin\release\net8.0\cardvalidation.tests.dll" id="32e0da48-b239-7d6b-e47b-79e8b723e150">
      <Execution id="6bbb311c-6a27-4218-a69c-74d0e940aabc" />
      <TestMethod codeBase="C:\Users\User\IdeaProjects\qa-home-assignment\CardValidation.Tests\bin\Release\net8.0\CardValidation.Tests.dll" adapterTypeName="executor://xunit/VsTestRunner2/netcoreapp" className="CardValidation.Tests.CardValidationServiceTests" name="ValidateOwner_ValidNames_ReturnsTrue" />
    </UnitTest>
    <UnitTest name="CardValidation.Tests.CardValidationServiceTests.ValidateNumber_ValidVisaCard_ReturnsTrue" storage="c:\users\user\ideaprojects\qa-home-assignment\cardvalidation.tests\bin\release\net8.0\cardvalidation.tests.dll" id="44eb1894-65a3-0c0d-805d-2885c2305c01">
      <Execution id="c88fa501-1f1d-4c42-bcb7-9f0f4c85ef82" />
      <TestMethod codeBase="C:\Users\User\IdeaProjects\qa-home-assignment\CardValidation.Tests\bin\Release\net8.0\CardValidation.Tests.dll" adapterTypeName="executor://xunit/VsTestRunner2/netcoreapp" className="CardValidation.Tests.CardValidationServiceTests" name="ValidateNumber_ValidVisaCard_ReturnsTrue" />
    </UnitTest>
    <UnitTest name="CardValidation.Tests.CardValidationServiceTests.ValidateNumber_InvalidCardNumbers_ReturnsFalse(cardNumber: &quot;invalid&quot;)" storage="c:\users\user\ideaprojects\qa-home-assignment\cardvalidation.tests\bin\release\net8.0\cardvalidation.tests.dll" id="a7e27379-4c4e-d493-4b9e-ad312aa7a717">
      <Execution id="79a1d945-bbfb-43d1-ae3d-8eb4f3a5a16e" />
      <TestMethod codeBase="C:\Users\User\IdeaProjects\qa-home-assignment\CardValidation.Tests\bin\Release\net8.0\CardValidation.Tests.dll" adapterTypeName="executor://xunit/VsTestRunner2/netcoreapp" className="CardValidation.Tests.CardValidationServiceTests" name="ValidateNumber_InvalidCardNumbers_ReturnsFalse" />
    </UnitTest>
    <UnitTest name="CardValidation.Tests.CardValidationServiceTests.ValidateIssueDate_InvalidDates_ReturnsFalse(issueDate: &quot;25/12&quot;)" storage="c:\users\user\ideaprojects\qa-home-assignment\cardvalidation.tests\bin\release\net8.0\cardvalidation.tests.dll" id="94dc3439-5bbe-aefd-81a6-beb6b155ee9e">
      <Execution id="676a615f-b3f4-4ba9-8386-527896453ae7" />
      <TestMethod codeBase="C:\Users\User\IdeaProjects\qa-home-assignment\CardValidation.Tests\bin\Release\net8.0\CardValidation.Tests.dll" adapterTypeName="executor://xunit/VsTestRunner2/netcoreapp" className="CardValidation.Tests.CardValidationServiceTests" name="ValidateIssueDate_InvalidDates_ReturnsFalse" />
    </UnitTest>
  </TestDefinitions>
  <TestEntries>
    <TestEntry testId="c93afe84-9d1d-b191-1238-ad191095842b" executionId="53c06015-b3ce-4cb5-b5f4-e3ee66ce20a2" testListId="8c84fa94-04c1-424b-9868-57a2d4851a1d" />
    <TestEntry testId="94dc3439-5bbe-aefd-81a6-beb6b155ee9e" executionId="676a615f-b3f4-4ba9-8386-527896453ae7" testListId="8c84fa94-04c1-424b-9868-57a2d4851a1d" />
    <TestEntry testId="7bc9a501-e85b-47a2-032b-bdb65a72b89e" executionId="0f37bf6e-61b5-401b-98d2-0c265a193ca8" testListId="8c84fa94-04c1-424b-9868-57a2d4851a1d" />
    <TestEntry testId="a7e27379-4c4e-d493-4b9e-ad312aa7a717" executionId="79a1d945-bbfb-43d1-ae3d-8eb4f3a5a16e" testListId="8c84fa94-04c1-424b-9868-57a2d4851a1d" />
    <TestEntry testId="ed9ce7dc-db7f-a87b-02a2-9acad6de22a2" executionId="763bef72-08cb-4130-824d-5d9bc1cf7a27" testListId="8c84fa94-04c1-424b-9868-57a2d4851a1d" />
    <TestEntry testId="d77e7327-ed8d-dea6-a2bb-8a3849285946" executionId="9e43452d-9452-4adc-93e6-e5a5f1358c82" testListId="8c84fa94-04c1-424b-9868-57a2d4851a1d" />
    <TestEntry testId="49eed2d9-e4f5-cac2-2b0c-58987a2b6e59" executionId="9b7ea3e9-60c4-4090-bd91-8da306cf11ee" testListId="8c84fa94-04c1-424b-9868-57a2d4851a1d" />
    <TestEntry testId="53ccb251-4f4f-db26-31c9-7eb48f98ca7c" executionId="e0c7738b-0f4f-4d76-9c32-abbed0bc9209" testListId="8c84fa94-04c1-424b-9868-57a2d4851a1d" />
    <TestEntry testId="7ad900d2-2e74-d81c-520e-fe1c26786075" executionId="a45b7820-e1b1-446c-9807-be0b43d99dc9" testListId="8c84fa94-04c1-424b-9868-57a2d4851a1d" />
    <TestEntry testId="288d521c-09b0-e3d6-f0da-8fde2bdcd1f7" executionId="465bec9c-90d0-4dd0-b9ef-d09cbe7337c0" testListId="8c84fa94-04c1-424b-9868-57a2d4851a1d" />
    <TestEntry testId="10354123-f504-b473-ab0a-a4ed853949e8" executionId="d688155f-529f-41de-91a3-4f31f90c2028" testListId="8c84fa94-04c1-424b-9868-57a2d4851a1d" />
    <TestEntry testId="be952085-c4c9-eb2b-aa18-46ed9934adcf" executionId="055d5001-4457-4b39-b4a5-6ce3ba40505a" testListId="8c84fa94-04c1-424b-9868-57a2d4851a1d" />
    <TestEntry testId="e1befb6e-90d1-0eb7-dbd3-87889924e85e" executionId="ad23e4ea-401d-4f56-9ad1-0c62b9ee0baa" testListId="8c84fa94-04c1-424b-9868-57a2d4851a1d" />
    <TestEntry testId="c37cb4df-b74b-6242-1239-819674d5c360" executionId="7bc3cff0-6991-4086-89da-40a7623b4221" testListId="8c84fa94-04c1-424b-9868-57a2d4851a1d" />
    <TestEntry testId="4d72359d-a2e1-71c8-704f-fb0c0de11a9b" executionId="428c4789-563f-4e25-afc2-8b7b7b1eae47" testListId="8c84fa94-04c1-424b-9868-57a2d4851a1d" />
    <TestEntry testId="6cfe1bba-26bc-0656-4921-ce3f59f814a4" executionId="46db90a2-a99d-496e-b6d0-5c989b3ba807" testListId="8c84fa94-04c1-424b-9868-57a2d4851a1d" />
    <TestEntry testId="507af6c5-16b9-571e-7e99-689b5bec2645" executionId="af399219-fe25-49c9-8011-38081af10e31" testListId="8c84fa94-04c1-424b-9868-57a2d4851a1d" />
    <TestEntry testId="8dffb24d-ac8c-0abc-6198-f03556c9d323" executionId="476cb2b1-89f1-4509-a4c8-6cd9a48bba03" testListId="8c84fa94-04c1-424b-9868-57a2d4851a1d" />
    <TestEntry testId="0d49e221-5879-9372-01de-ad731d829c0b" executionId="446f3239-b312-44c8-ba0a-253935a09161" testListId="8c84fa94-04c1-424b-9868-57a2d4851a1d" />
    <TestEntry testId="351b7f0f-c2d2-2eff-3f0a-25a949252ca1" executionId="05e3fe05-0808-4b5d-921e-8aa9d5602432" testListId="8c84fa94-04c1-424b-9868-57a2d4851a1d" />
    <TestEntry testId="44eb1894-65a3-0c0d-805d-2885c2305c01" executionId="c88fa501-1f1d-4c42-bcb7-9f0f4c85ef82" testListId="8c84fa94-04c1-424b-9868-57a2d4851a1d" />
    <TestEntry testId="8e389afe-3e34-41d8-2d8c-d9bbafdaab7b" executionId="0dfe703a-ffeb-403c-a881-20f0f12d115d" testListId="8c84fa94-04c1-424b-9868-57a2d4851a1d" />
    <TestEntry testId="ecebcbd7-053e-0616-cf31-ee508adc259f" executionId="e02ed36d-670b-454b-8f37-d0f200e65273" testListId="8c84fa94-04c1-424b-9868-57a2d4851a1d" />
    <TestEntry testId="40865e9e-f250-c204-5ec9-edc340957c55" executionId="e96a4d80-4a3a-44d2-837a-9f952002782a" testListId="8c84fa94-04c1-424b-9868-57a2d4851a1d" />
    <TestEntry testId="819d169f-9853-a375-d173-d72a4b676ff1" executionId="c8d4484b-1309-476e-8e9e-de411035096a" testListId="8c84fa94-04c1-424b-9868-57a2d4851a1d" />
    <TestEntry testId="291cdfd5-b607-ef24-a830-0df891400d5b" executionId="7fa7c27f-fdc7-4d3b-a231-38c96798346e" testListId="8c84fa94-04c1-424b-9868-57a2d4851a1d" />
    <TestEntry testId="c39e7efb-f28f-6d58-6a6e-e6a1279b13ae" executionId="53b4152c-199e-4582-b4dd-a7084ca0c892" testListId="8c84fa94-04c1-424b-9868-57a2d4851a1d" />
    <TestEntry testId="7c48deeb-2daf-cf52-4ecb-276c350e95f3" executionId="43c42878-8f08-46f1-aa47-8f3a9cdcef39" testListId="8c84fa94-04c1-424b-9868-57a2d4851a1d" />
    <TestEntry testId="0234eff5-12ae-b92a-274d-68b64e7b1e83" executionId="6de652d9-d999-45bc-b345-d74befd174e3" testListId="8c84fa94-04c1-424b-9868-57a2d4851a1d" />
    <TestEntry testId="2d966f22-d1df-5b47-e0d2-d1ca320070d9" executionId="065000a5-0865-4ca2-93f5-8db58a4277d6" testListId="8c84fa94-04c1-424b-9868-57a2d4851a1d" />
    <TestEntry testId="751e52e5-f884-4698-48af-ebef656b2af9" executionId="340be6dc-1840-4cdc-8d7b-a9e9409b9ac6" testListId="8c84fa94-04c1-424b-9868-57a2d4851a1d" />
    <TestEntry testId="32e0da48-b239-7d6b-e47b-79e8b723e150" executionId="6bbb311c-6a27-4218-a69c-74d0e940aabc" testListId="8c84fa94-04c1-424b-9868-57a2d4851a1d" />
    <TestEntry testId="ee4fd440-35ac-b337-e771-7431082311e4" executionId="e29b8ade-f500-4282-8f9b-0f04d6c16be9" testListId="8c84fa94-04c1-424b-9868-57a2d4851a1d" />
    <TestEntry testId="d60d5eb5-9b61-07ce-fe5a-8d6e9f28f530" executionId="fe19edd5-585f-49d6-a32a-95540073d8dc" testListId="8c84fa94-04c1-424b-9868-57a2d4851a1d" />
    <TestEntry testId="514b8df5-55ae-6525-6749-cddb6776a607" executionId="cb37d031-741f-489f-9eba-a564abd085b8" testListId="8c84fa94-04c1-424b-9868-57a2d4851a1d" />
    <TestEntry testId="8eac923c-97e6-1969-98ca-9e1a95f7a32c" executionId="a710f3fa-52e2-4fe2-828b-10d1d8013a1a" testListId="8c84fa94-04c1-424b-9868-57a2d4851a1d" />
    <TestEntry testId="899933af-4f96-e8e5-554e-a1f1912beeb5" executionId="c21392e9-55d8-4ef2-a6fd-f23a2c16b319" testListId="8c84fa94-04c1-424b-9868-57a2d4851a1d" />
    <TestEntry testId="6610fafb-17fa-7f37-9268-ebd41700d36b" executionId="fe951b52-bec4-4770-99df-e71f3b1c7caa" testListId="8c84fa94-04c1-424b-9868-57a2d4851a1d" />
    <TestEntry testId="b33875ca-51bf-c1a8-98dc-40a02225a815" executionId="9ab70306-604f-43ca-bfa4-3778f7c5a83a" testListId="8c84fa94-04c1-424b-9868-57a2d4851a1d" />
    <TestEntry testId="66ee897e-48ee-b716-146f-3ee1ee8effcb" executionId="6183ee94-2070-4d6a-abe9-41f2b5ec91c5" testListId="8c84fa94-04c1-424b-9868-57a2d4851a1d" />
    <TestEntry testId="03fe3eef-2f9a-f9ac-ab2f-75e332210523" executionId="033d7f04-9e87-4113-989b-d97c44713da7" testListId="8c84fa94-04c1-424b-9868-57a2d4851a1d" />
    <TestEntry testId="a499aa5b-2feb-1475-b6db-cecf2339e7cf" executionId="e7536571-ceab-41aa-8671-927b054c9bc2" testListId="8c84fa94-04c1-424b-9868-57a2d4851a1d" />
    <TestEntry testId="418afa25-8122-0750-3770-57c0e7dda15a" executionId="b3c2515a-5a17-4303-975f-ea46f382b2ff" testListId="8c84fa94-04c1-424b-9868-57a2d4851a1d" />
    <TestEntry testId="1cdb54c0-5c07-53af-61a8-89d4049200b7" executionId="0f96bccb-15e0-4f9d-ab19-9f27da90fdd6" testListId="8c84fa94-04c1-424b-9868-57a2d4851a1d" />
    <TestEntry testId="ed59853c-4113-08fd-1467-28e881b2aeb9" executionId="de028765-200c-469e-82f8-172bad03900e" testListId="8c84fa94-04c1-424b-9868-57a2d4851a1d" />
    <TestEntry testId="eff24b27-9d44-26e0-a6dd-e7bab75dc135" executionId="48167dd1-8194-4d5b-9b93-a863daca2c08" testListId="8c84fa94-04c1-424b-9868-57a2d4851a1d" />
    <TestEntry testId="568360e3-f6f8-d9a5-fefe-8237fc184a40" executionId="81f9d260-33e0-4b2c-845f-5177e18cdb3a" testListId="8c84fa94-04c1-424b-9868-57a2d4851a1d" />
    <TestEntry testId="3f0bf207-d2ef-4602-29d8-5c5ca76c3466" executionId="13533255-07f9-42cb-9057-7c69faf71bd5" testListId="8c84fa94-04c1-424b-9868-57a2d4851a1d" />
    <TestEntry testId="9adbd584-12bd-db39-8139-0ed6e062af91" executionId="5b94f9b8-0aef-4d91-9df8-f11ed1612ac3" testListId="8c84fa94-04c1-424b-9868-57a2d4851a1d" />
    <TestEntry testId="61003bde-de0a-9894-fe3b-4b3930d15982" executionId="414ecdad-1849-4a16-b238-dd072c20bc62" testListId="8c84fa94-04c1-424b-9868-57a2d4851a1d" />
    <TestEntry testId="52f59a10-87ff-6a1f-0731-2bad5d46acc4" executionId="4d7f7bf3-dff5-47af-99e5-8be148d811bc" testListId="8c84fa94-04c1-424b-9868-57a2d4851a1d" />
    <TestEntry testId="b75691c0-416b-6629-79d1-7e8dfeb092c8" executionId="db24b0f4-1703-4a64-a8ea-396c90aa3526" testListId="8c84fa94-04c1-424b-9868-57a2d4851a1d" />
    <TestEntry testId="9f845c3a-e916-1d7a-e3b1-e8aefce26289" executionId="2c2531dc-bd59-4bb1-bbb0-1024b4a92143" testListId="8c84fa94-04c1-424b-9868-57a2d4851a1d" />
    <TestEntry testId="e1ea6a4a-b3e5-efed-88b5-b8ad3e6dc864" executionId="c8b6b215-2ab9-479e-8356-342a97073222" testListId="8c84fa94-04c1-424b-9868-57a2d4851a1d" />
    <TestEntry testId="a1ee792d-d13e-966d-9dc4-b2cd6979c43d" executionId="e9270e49-6882-4910-bfac-23c13c37fce5" testListId="8c84fa94-04c1-424b-9868-57a2d4851a1d" />
    <TestEntry testId="b84b6dd4-3279-65ed-aebe-c2696107441c" executionId="f7b8fa71-4101-4ece-b775-1170d66dbd1d" testListId="8c84fa94-04c1-424b-9868-57a2d4851a1d" />
    <TestEntry testId="6ab64e1b-22a8-a56c-7830-a6c4a021b061" executionId="f4ac3721-8202-451e-93c6-919bb386a96a" testListId="8c84fa94-04c1-424b-9868-57a2d4851a1d" />
  </TestEntries>
  <TestLists>
    <TestList name="Results Not in a List" id="8c84fa94-04c1-424b-9868-57a2d4851a1d" />
    <TestList name="All Loaded Results" id="19431567-8539-422a-85d7-44ee4e166bda" />
  </TestLists>
  <ResultSummary outcome="Completed">
    <Counters total="57" executed="57" passed="57" failed="0" error="0" timeout="0" aborted="0" inconclusive="0" passedButRunAborted="0" notRunnable="0" notExecuted="0" disconnected="0" warning="0" completed="0" inProgress="0" pending="0" />
    <Output>
      <StdOut>[xUnit.net 00:00:00.00] xUnit.net VSTest Adapter v2.8.2+699d445a1a (64-bit .NET 8.0.18)&#xD;
[xUnit.net 00:00:00.14]   Discovering: CardValidation.Tests&#xD;
[xUnit.net 00:00:00.30]   Discovered:  CardValidation.Tests&#xD;
[xUnit.net 00:00:00.31]   Starting:    CardValidation.Tests&#xD;
-&gt; Loading plugin C:\Users\User\IdeaProjects\qa-home-assignment\CardValidation.Tests\bin\Release\net8.0\Reqnroll.xUnit.ReqnrollPlugin.dll&#xD;
-&gt; Loading plugin C:\Users\User\IdeaProjects\qa-home-assignment\CardValidation.Tests\bin\Release\net8.0\CardValidation.Tests.dll&#xD;
-&gt; Using reqnroll.json&#xD;
[xUnit.net 00:00:01.09]   Finished:    CardValidation.Tests&#xD;
</StdOut>
    </Output>
    <CollectorDataEntries>
      <Collector agentName="WIN-5VIDF1NH070" uri="datacollector://microsoft/CoverletCodeCoverage/1.0" collectorDisplayName="XPlat code coverage">
        <UriAttachments>
          <UriAttachment>
            <A href="WIN-5VIDF1NH070\coverage.cobertura.xml"></A>
          </UriAttachment>
        </UriAttachments>
      </Collector>
    </CollectorDataEntries>
  </ResultSummary>
</TestRun>